C:/Users/dahuange/STM32Cube/Repository/STM32Cube_FW_N6_V1.2.0/Middlewares/ST/STM32_ExtMem_Manager/user/stm32_user_driver.c:47:41:EXTMEM_DRIVER_USER_Init	0	static
C:/Users/dahuange/STM32Cube/Repository/STM32Cube_FW_N6_V1.2.0/Middlewares/ST/STM32_ExtMem_Manager/user/stm32_user_driver.c:56:41:EXTMEM_DRIVER_USER_DeInit	0	static
C:/Users/dahuange/STM32Cube/Repository/STM32Cube_FW_N6_V1.2.0/Middlewares/ST/STM32_ExtMem_Manager/user/stm32_user_driver.c:63:41:EXTMEM_DRIVER_USER_Read	0	static
C:/Users/dahuange/STM32Cube/Repository/STM32Cube_FW_N6_V1.2.0/Middlewares/ST/STM32_ExtMem_Manager/user/stm32_user_driver.c:74:41:EXTMEM_DRIVER_USER_Write	0	static
C:/Users/dahuange/STM32Cube/Repository/STM32Cube_FW_N6_V1.2.0/Middlewares/ST/STM32_ExtMem_Manager/user/stm32_user_driver.c:85:41:EXTMEM_DRIVER_USER_EraseSector	0	static
C:/Users/dahuange/STM32Cube/Repository/STM32Cube_FW_N6_V1.2.0/Middlewares/ST/STM32_ExtMem_Manager/user/stm32_user_driver.c:95:41:EXTMEM_DRIVER_USER_MassErase	0	static
C:/Users/dahuange/STM32Cube/Repository/STM32Cube_FW_N6_V1.2.0/Middlewares/ST/STM32_ExtMem_Manager/user/stm32_user_driver.c:102:41:EXTMEM_DRIVER_USER_Enable_MemoryMappedMode	0	static
C:/Users/dahuange/STM32Cube/Repository/STM32Cube_FW_N6_V1.2.0/Middlewares/ST/STM32_ExtMem_Manager/user/stm32_user_driver.c:109:41:EXTMEM_DRIVER_USER_Disable_MemoryMappedMode	0	static
C:/Users/dahuange/STM32Cube/Repository/STM32Cube_FW_N6_V1.2.0/Middlewares/ST/STM32_ExtMem_Manager/user/stm32_user_driver.c:116:41:EXTMEM_DRIVER_USER_GetMapAddress	0	static
C:/Users/dahuange/STM32Cube/Repository/STM32Cube_FW_N6_V1.2.0/Middlewares/ST/STM32_ExtMem_Manager/user/stm32_user_driver.c:124:41:EXTMEM_DRIVER_USER_GetInfo	0	static
