../X-CUBE-AI/App/network.c:86208:13:LL_ATON_End_EpochBlock_237	8	static
../X-CUBE-AI/App/network.c:86076:13:LL_ATON_End_EpochBlock_236	8	static
../X-CUBE-AI/App/network.c:85906:13:LL_ATON_End_EpochBlock_235	8	static
../X-CUBE-AI/App/network.c:85502:13:LL_ATON_End_EpochBlock_233	8	static
../X-CUBE-AI/App/network.c:85321:13:LL_ATON_End_EpochBlock_232	8	static
../X-CUBE-AI/App/network.c:84791:13:LL_ATON_End_EpochBlock_230	8	static
../X-CUBE-AI/App/network.c:84383:13:LL_ATON_End_EpochBlock_229	8	static
../X-CUBE-AI/App/network.c:83934:13:LL_ATON_End_EpochBlock_228	8	static
../X-CUBE-AI/App/network.c:83484:13:LL_ATON_End_EpochBlock_227	8	static
../X-CUBE-AI/App/network.c:83002:13:LL_ATON_End_EpochBlock_226	8	static
../X-CUBE-AI/App/network.c:82486:13:LL_ATON_End_EpochBlock_225	8	static
../X-CUBE-AI/App/network.c:81976:13:LL_ATON_End_EpochBlock_224	8	static
../X-CUBE-AI/App/network.c:81299:13:LL_ATON_End_EpochBlock_220	8	static
../X-CUBE-AI/App/network.c:80659:13:LL_ATON_End_EpochBlock_216	8	static
../X-CUBE-AI/App/network.c:79647:13:LL_ATON_End_EpochBlock_206	8	static
../X-CUBE-AI/App/network.c:78981:13:LL_ATON_End_EpochBlock_203	8	static
../X-CUBE-AI/App/network.c:78307:13:LL_ATON_End_EpochBlock_201	8	static
../X-CUBE-AI/App/network.c:77491:13:LL_ATON_End_EpochBlock_199	8	static
../X-CUBE-AI/App/network.c:76710:13:LL_ATON_End_EpochBlock_198	8	static
../X-CUBE-AI/App/network.c:76129:13:LL_ATON_End_EpochBlock_197	8	static
../X-CUBE-AI/App/network.c:75616:13:LL_ATON_End_EpochBlock_196	8	static
../X-CUBE-AI/App/network.c:74898:13:LL_ATON_End_EpochBlock_194	8	static
../X-CUBE-AI/App/network.c:74313:13:LL_ATON_End_EpochBlock_193	8	static
../X-CUBE-AI/App/network.c:73548:13:LL_ATON_End_EpochBlock_192	8	static
../X-CUBE-AI/App/network.c:72936:13:LL_ATON_End_EpochBlock_191	8	static
../X-CUBE-AI/App/network.c:72366:13:LL_ATON_End_EpochBlock_190	8	static
../X-CUBE-AI/App/network.c:71616:13:LL_ATON_End_EpochBlock_187	8	static
../X-CUBE-AI/App/network.c:71012:13:LL_ATON_End_EpochBlock_186	8	static
../X-CUBE-AI/App/network.c:70181:13:LL_ATON_End_EpochBlock_185	8	static
../X-CUBE-AI/App/network.c:69654:13:LL_ATON_End_EpochBlock_184	8	static
../X-CUBE-AI/App/network.c:69146:13:LL_ATON_End_EpochBlock_183	8	static
../X-CUBE-AI/App/network.c:68607:13:LL_ATON_End_EpochBlock_182	8	static
../X-CUBE-AI/App/network.c:67768:13:LL_ATON_End_EpochBlock_181	8	static
../X-CUBE-AI/App/network.c:67122:13:LL_ATON_End_EpochBlock_180	8	static
../X-CUBE-AI/App/network.c:66659:13:LL_ATON_End_EpochBlock_179	8	static
../X-CUBE-AI/App/network.c:65827:13:LL_ATON_End_EpochBlock_178	8	static
../X-CUBE-AI/App/network.c:64922:13:LL_ATON_End_EpochBlock_171	8	static
../X-CUBE-AI/App/network.c:64076:13:LL_ATON_End_EpochBlock_170	8	static
../X-CUBE-AI/App/network.c:63299:13:LL_ATON_End_EpochBlock_169	8	static
../X-CUBE-AI/App/network.c:62215:13:LL_ATON_End_EpochBlock_159	8	static
../X-CUBE-AI/App/network.c:61449:13:LL_ATON_End_EpochBlock_156	8	static
../X-CUBE-AI/App/network.c:60754:13:LL_ATON_End_EpochBlock_154	8	static
../X-CUBE-AI/App/network.c:59869:13:LL_ATON_End_EpochBlock_153	8	static
../X-CUBE-AI/App/network.c:59154:13:LL_ATON_End_EpochBlock_152	8	static
../X-CUBE-AI/App/network.c:58578:13:LL_ATON_End_EpochBlock_151	8	static
../X-CUBE-AI/App/network.c:58065:13:LL_ATON_End_EpochBlock_150	8	static
../X-CUBE-AI/App/network.c:57346:13:LL_ATON_End_EpochBlock_148	8	static
../X-CUBE-AI/App/network.c:56735:13:LL_ATON_End_EpochBlock_147	8	static
../X-CUBE-AI/App/network.c:55914:13:LL_ATON_End_EpochBlock_146	8	static
../X-CUBE-AI/App/network.c:55343:13:LL_ATON_End_EpochBlock_145	8	static
../X-CUBE-AI/App/network.c:54471:13:LL_ATON_End_EpochBlock_139	8	static
../X-CUBE-AI/App/network.c:53660:13:LL_ATON_End_EpochBlock_135	8	static
../X-CUBE-AI/App/network.c:52831:13:LL_ATON_End_EpochBlock_134	8	static
../X-CUBE-AI/App/network.c:52348:13:LL_ATON_End_EpochBlock_133	8	static
../X-CUBE-AI/App/network.c:51193:13:LL_ATON_End_EpochBlock_123	8	static
../X-CUBE-AI/App/network.c:50362:13:LL_ATON_End_EpochBlock_122	8	static
../X-CUBE-AI/App/network.c:49863:13:LL_ATON_End_EpochBlock_121	8	static
../X-CUBE-AI/App/network.c:49117:13:LL_ATON_End_EpochBlock_118	8	static
../X-CUBE-AI/App/network.c:48290:13:LL_ATON_End_EpochBlock_117	8	static
../X-CUBE-AI/App/network.c:47861:13:LL_ATON_End_EpochBlock_116	8	static
../X-CUBE-AI/App/network.c:47016:13:LL_ATON_End_EpochBlock_115	8	static
../X-CUBE-AI/App/network.c:46299:13:LL_ATON_End_EpochBlock_114	8	static
../X-CUBE-AI/App/network.c:46112:13:LL_ATON_End_EpochBlock_112	8	static
../X-CUBE-AI/App/network.c:45801:13:LL_ATON_End_EpochBlock_111	8	static
../X-CUBE-AI/App/network.c:44968:13:LL_ATON_End_EpochBlock_110	8	static
../X-CUBE-AI/App/network.c:44250:13:LL_ATON_End_EpochBlock_109	8	static
../X-CUBE-AI/App/network.c:43942:13:LL_ATON_End_EpochBlock_108	8	static
../X-CUBE-AI/App/network.c:43423:13:LL_ATON_End_EpochBlock_107	8	static
../X-CUBE-AI/App/network.c:42724:13:LL_ATON_End_EpochBlock_105	8	static
../X-CUBE-AI/App/network.c:42565:13:LL_ATON_End_EpochBlock_104	8	static
../X-CUBE-AI/App/network.c:41884:13:LL_ATON_End_EpochBlock_103	8	static
../X-CUBE-AI/App/network.c:41716:13:LL_ATON_End_EpochBlock_102	8	static
../X-CUBE-AI/App/network.c:41450:13:LL_ATON_End_EpochBlock_98	8	static
../X-CUBE-AI/App/network.c:41318:13:LL_ATON_End_EpochBlock_97	8	static
../X-CUBE-AI/App/network.c:41077:13:LL_ATON_End_EpochBlock_96	8	static
../X-CUBE-AI/App/network.c:40261:13:LL_ATON_End_EpochBlock_95	8	static
../X-CUBE-AI/App/network.c:40133:13:LL_ATON_End_EpochBlock_94	8	static
../X-CUBE-AI/App/network.c:39895:13:LL_ATON_End_EpochBlock_93	8	static
../X-CUBE-AI/App/network.c:39079:13:LL_ATON_End_EpochBlock_92	8	static
../X-CUBE-AI/App/network.c:38940:13:LL_ATON_End_EpochBlock_91	8	static
../X-CUBE-AI/App/network.c:38438:13:LL_ATON_End_EpochBlock_90	8	static
../X-CUBE-AI/App/network.c:37962:13:LL_ATON_End_EpochBlock_89	8	static
../X-CUBE-AI/App/network.c:37079:13:LL_ATON_End_EpochBlock_88	8	static
../X-CUBE-AI/App/network.c:36839:13:LL_ATON_End_EpochBlock_87	8	static
../X-CUBE-AI/App/network.c:36014:13:LL_ATON_End_EpochBlock_86	8	static
../X-CUBE-AI/App/network.c:35391:13:LL_ATON_End_EpochBlock_84	8	static
../X-CUBE-AI/App/network.c:35114:13:LL_ATON_End_EpochBlock_82	8	static
../X-CUBE-AI/App/network.c:34865:13:LL_ATON_End_EpochBlock_81	8	static
../X-CUBE-AI/App/network.c:34627:13:LL_ATON_End_EpochBlock_80	8	static
../X-CUBE-AI/App/network.c:33809:13:LL_ATON_End_EpochBlock_79	8	static
../X-CUBE-AI/App/network.c:33569:13:LL_ATON_End_EpochBlock_78	8	static
../X-CUBE-AI/App/network.c:32754:13:LL_ATON_End_EpochBlock_77	8	static
../X-CUBE-AI/App/network.c:32620:13:LL_ATON_End_EpochBlock_76	8	static
../X-CUBE-AI/App/network.c:32270:13:LL_ATON_End_EpochBlock_75	8	static
../X-CUBE-AI/App/network.c:31882:13:LL_ATON_End_EpochBlock_74	8	static
../X-CUBE-AI/App/network.c:31067:13:LL_ATON_End_EpochBlock_73	8	static
../X-CUBE-AI/App/network.c:30930:13:LL_ATON_End_EpochBlock_72	8	static
../X-CUBE-AI/App/network.c:30454:13:LL_ATON_End_EpochBlock_71	8	static
../X-CUBE-AI/App/network.c:29634:13:LL_ATON_End_EpochBlock_70	8	static
../X-CUBE-AI/App/network.c:29394:13:LL_ATON_End_EpochBlock_69	8	static
../X-CUBE-AI/App/network.c:28570:13:LL_ATON_End_EpochBlock_68	8	static
../X-CUBE-AI/App/network.c:27947:13:LL_ATON_End_EpochBlock_66	8	static
../X-CUBE-AI/App/network.c:27675:13:LL_ATON_End_EpochBlock_64	8	static
../X-CUBE-AI/App/network.c:27541:13:LL_ATON_End_EpochBlock_63	8	static
../X-CUBE-AI/App/network.c:27303:13:LL_ATON_End_EpochBlock_62	8	static
../X-CUBE-AI/App/network.c:26464:13:LL_ATON_End_EpochBlock_61	8	static
../X-CUBE-AI/App/network.c:25672:13:LL_ATON_End_EpochBlock_60	8	static
../X-CUBE-AI/App/network.c:24884:13:LL_ATON_End_EpochBlock_59	8	static
../X-CUBE-AI/App/network.c:24311:13:LL_ATON_End_EpochBlock_58	8	static
../X-CUBE-AI/App/network.c:23929:13:LL_ATON_End_EpochBlock_57	8	static
../X-CUBE-AI/App/network.c:23216:13:LL_ATON_End_EpochBlock_56	8	static
../X-CUBE-AI/App/network.c:22643:13:LL_ATON_End_EpochBlock_55	8	static
../X-CUBE-AI/App/network.c:22280:13:LL_ATON_End_EpochBlock_54	8	static
../X-CUBE-AI/App/network.c:21905:13:LL_ATON_End_EpochBlock_53	8	static
../X-CUBE-AI/App/network.c:21411:13:LL_ATON_End_EpochBlock_52	8	static
../X-CUBE-AI/App/network.c:20886:13:LL_ATON_End_EpochBlock_51	8	static
../X-CUBE-AI/App/network.c:20735:13:LL_ATON_End_EpochBlock_50	8	static
../X-CUBE-AI/App/network.c:20022:13:LL_ATON_End_EpochBlock_49	8	static
../X-CUBE-AI/App/network.c:19441:13:LL_ATON_End_EpochBlock_48	8	static
../X-CUBE-AI/App/network.c:18916:13:LL_ATON_End_EpochBlock_47	8	static
../X-CUBE-AI/App/network.c:18765:13:LL_ATON_End_EpochBlock_46	8	static
../X-CUBE-AI/App/network.c:18052:13:LL_ATON_End_EpochBlock_45	8	static
../X-CUBE-AI/App/network.c:17471:13:LL_ATON_End_EpochBlock_44	8	static
../X-CUBE-AI/App/network.c:16946:13:LL_ATON_End_EpochBlock_43	8	static
../X-CUBE-AI/App/network.c:16795:13:LL_ATON_End_EpochBlock_42	8	static
../X-CUBE-AI/App/network.c:16105:13:LL_ATON_End_EpochBlock_41	8	static
../X-CUBE-AI/App/network.c:15967:13:LL_ATON_End_EpochBlock_40	8	static
../X-CUBE-AI/App/network.c:15493:13:LL_ATON_End_EpochBlock_39	8	static
../X-CUBE-AI/App/network.c:15349:13:LL_ATON_End_EpochBlock_38	8	static
../X-CUBE-AI/App/network.c:14788:13:LL_ATON_End_EpochBlock_37	8	static
../X-CUBE-AI/App/network.c:14331:13:LL_ATON_End_EpochBlock_36	8	static
../X-CUBE-AI/App/network.c:13636:13:LL_ATON_End_EpochBlock_35	8	static
../X-CUBE-AI/App/network.c:13506:13:LL_ATON_End_EpochBlock_34	8	static
../X-CUBE-AI/App/network.c:13201:13:LL_ATON_End_EpochBlock_33	8	static
../X-CUBE-AI/App/network.c:13061:13:LL_ATON_End_EpochBlock_32	8	static
../X-CUBE-AI/App/network.c:12554:13:LL_ATON_End_EpochBlock_31	8	static
../X-CUBE-AI/App/network.c:11934:13:LL_ATON_End_EpochBlock_30	8	static
../X-CUBE-AI/App/network.c:11804:13:LL_ATON_End_EpochBlock_29	8	static
../X-CUBE-AI/App/network.c:11499:13:LL_ATON_End_EpochBlock_28	8	static
../X-CUBE-AI/App/network.c:11364:13:LL_ATON_End_EpochBlock_27	8	static
../X-CUBE-AI/App/network.c:10963:13:LL_ATON_End_EpochBlock_26	8	static
../X-CUBE-AI/App/network.c:10585:13:LL_ATON_End_EpochBlock_25	8	static
../X-CUBE-AI/App/network.c:9952:13:LL_ATON_End_EpochBlock_24	8	static
../X-CUBE-AI/App/network.c:9549:13:LL_ATON_End_EpochBlock_23	8	static
../X-CUBE-AI/App/network.c:9171:13:LL_ATON_End_EpochBlock_22	8	static
../X-CUBE-AI/App/network.c:8538:13:LL_ATON_End_EpochBlock_21	8	static
../X-CUBE-AI/App/network.c:8135:13:LL_ATON_End_EpochBlock_20	8	static
../X-CUBE-AI/App/network.c:7757:13:LL_ATON_End_EpochBlock_19	8	static
../X-CUBE-AI/App/network.c:7124:13:LL_ATON_End_EpochBlock_18	8	static
../X-CUBE-AI/App/network.c:6721:13:LL_ATON_End_EpochBlock_17	8	static
../X-CUBE-AI/App/network.c:6343:13:LL_ATON_End_EpochBlock_16	8	static
../X-CUBE-AI/App/network.c:5710:13:LL_ATON_End_EpochBlock_15	8	static
../X-CUBE-AI/App/network.c:5299:13:LL_ATON_End_EpochBlock_14	8	static
../X-CUBE-AI/App/network.c:4772:13:LL_ATON_End_EpochBlock_13	8	static
../X-CUBE-AI/App/network.c:4623:13:LL_ATON_End_EpochBlock_12	8	static
../X-CUBE-AI/App/network.c:4003:13:LL_ATON_End_EpochBlock_11	8	static
../X-CUBE-AI/App/network.c:3865:13:LL_ATON_End_EpochBlock_10	8	static
../X-CUBE-AI/App/network.c:3391:13:LL_ATON_End_EpochBlock_9	8	static
../X-CUBE-AI/App/network.c:3267:13:LL_ATON_End_EpochBlock_8	8	static
../X-CUBE-AI/App/network.c:3072:13:LL_ATON_End_EpochBlock_7	8	static
../X-CUBE-AI/App/network.c:2399:13:LL_ATON_End_EpochBlock_6	8	static
../X-CUBE-AI/App/network.c:1779:13:LL_ATON_End_EpochBlock_5	8	static
../X-CUBE-AI/App/network.c:1647:13:LL_ATON_End_EpochBlock_4	8	static
../X-CUBE-AI/App/network.c:1265:13:LL_ATON_End_EpochBlock_3	8	static
../X-CUBE-AI/App/network.c:634:13:LL_ATON_End_EpochBlock_2	8	static
../X-CUBE-AI/App/network.c:272:13:LL_ATON_End_EpochBlock_1	8	static
../X-CUBE-AI/App/network.c:85810:13:LL_ATON_Start_EpochBlock_235	8	static
../X-CUBE-AI/App/network.c:46201:13:LL_ATON_Start_EpochBlock_114	8	static
../X-CUBE-AI/App/network.c:41618:13:LL_ATON_Start_EpochBlock_102	8	static
../X-CUBE-AI/App/network.c:40163:13:LL_ATON_Start_EpochBlock_95	8	static
../X-CUBE-AI/App/network.c:38983:13:LL_ATON_Start_EpochBlock_92	8	static
../X-CUBE-AI/App/network.c:32656:13:LL_ATON_Start_EpochBlock_77	8	static
../X-CUBE-AI/App/network.c:30971:13:LL_ATON_Start_EpochBlock_73	8	static
../X-CUBE-AI/App/network.c:20790:13:LL_ATON_Start_EpochBlock_51	8	static
../X-CUBE-AI/App/network.c:18820:13:LL_ATON_Start_EpochBlock_47	8	static
../X-CUBE-AI/App/network.c:16850:13:LL_ATON_Start_EpochBlock_43	8	static
../X-CUBE-AI/App/network.c:16009:13:LL_ATON_Start_EpochBlock_41	8	static
../X-CUBE-AI/App/network.c:15397:13:LL_ATON_Start_EpochBlock_39	8	static
../X-CUBE-AI/App/network.c:13540:13:LL_ATON_Start_EpochBlock_35	8	static
../X-CUBE-AI/App/network.c:13105:13:LL_ATON_Start_EpochBlock_33	8	static
../X-CUBE-AI/App/network.c:11838:13:LL_ATON_Start_EpochBlock_30	8	static
../X-CUBE-AI/App/network.c:11403:13:LL_ATON_Start_EpochBlock_28	8	static
../X-CUBE-AI/App/network.c:4674:13:LL_ATON_Start_EpochBlock_13	8	static
../X-CUBE-AI/App/network.c:3907:13:LL_ATON_Start_EpochBlock_11	8	static
../X-CUBE-AI/App/network.c:3295:13:LL_ATON_Start_EpochBlock_9	8	static
../X-CUBE-AI/App/network.c:1683:13:LL_ATON_Start_EpochBlock_5	8	static
../X-CUBE-AI/App/network.c:86104:13:LL_ATON_Start_EpochBlock_237	8	static
../X-CUBE-AI/App/network.c:42620:13:LL_ATON_Start_EpochBlock_105	8	static
../X-CUBE-AI/App/network.c:41348:13:LL_ATON_Start_EpochBlock_98	8	static
../X-CUBE-AI/App/network.c:27571:13:LL_ATON_Start_EpochBlock_64	8	static
../X-CUBE-AI/App/network.c:85931:13:LL_ATON_Start_EpochBlock_236	8	static
../X-CUBE-AI/App/network.c:85351:13:LL_ATON_Start_EpochBlock_233	8	static
../X-CUBE-AI/App/network.c:85108:13:LL_ATON_Start_EpochBlock_232	8	static
../X-CUBE-AI/App/network.c:84422:13:LL_ATON_Start_EpochBlock_230	8	static
../X-CUBE-AI/App/network.c:83973:13:LL_ATON_Start_EpochBlock_229	8	static
../X-CUBE-AI/App/network.c:83524:13:LL_ATON_Start_EpochBlock_228	8	static
../X-CUBE-AI/App/network.c:83044:13:LL_ATON_Start_EpochBlock_227	8	static
../X-CUBE-AI/App/network.c:82527:13:LL_ATON_Start_EpochBlock_226	8	static
../X-CUBE-AI/App/network.c:82016:13:LL_ATON_Start_EpochBlock_225	8	static
../X-CUBE-AI/App/network.c:81536:13:LL_ATON_Start_EpochBlock_224	8	static
../X-CUBE-AI/App/network.c:80894:13:LL_ATON_Start_EpochBlock_220	8	static
../X-CUBE-AI/App/network.c:80290:13:LL_ATON_Start_EpochBlock_216	8	static
../X-CUBE-AI/App/network.c:77830:13:LL_ATON_Start_EpochBlock_201	8	static
../X-CUBE-AI/App/network.c:76172:13:LL_ATON_Start_EpochBlock_198	8	static
../X-CUBE-AI/App/network.c:75664:13:LL_ATON_Start_EpochBlock_197	8	static
../X-CUBE-AI/App/network.c:74368:13:LL_ATON_Start_EpochBlock_194	8	static
../X-CUBE-AI/App/network.c:72980:13:LL_ATON_Start_EpochBlock_192	8	static
../X-CUBE-AI/App/network.c:72413:13:LL_ATON_Start_EpochBlock_191	8	static
../X-CUBE-AI/App/network.c:71801:13:LL_ATON_Start_EpochBlock_190	8	static
../X-CUBE-AI/App/network.c:71074:13:LL_ATON_Start_EpochBlock_187	8	static
../X-CUBE-AI/App/network.c:69697:13:LL_ATON_Start_EpochBlock_185	8	static
../X-CUBE-AI/App/network.c:69189:13:LL_ATON_Start_EpochBlock_184	8	static
../X-CUBE-AI/App/network.c:68669:13:LL_ATON_Start_EpochBlock_183	8	static
../X-CUBE-AI/App/network.c:66721:13:LL_ATON_Start_EpochBlock_180	8	static
../X-CUBE-AI/App/network.c:65346:13:LL_ATON_Start_EpochBlock_178	8	static
../X-CUBE-AI/App/network.c:62863:13:LL_ATON_Start_EpochBlock_169	8	static
../X-CUBE-AI/App/network.c:58621:13:LL_ATON_Start_EpochBlock_152	8	static
../X-CUBE-AI/App/network.c:58113:13:LL_ATON_Start_EpochBlock_151	8	static
../X-CUBE-AI/App/network.c:56795:13:LL_ATON_Start_EpochBlock_148	8	static
../X-CUBE-AI/App/network.c:55386:13:LL_ATON_Start_EpochBlock_146	8	static
../X-CUBE-AI/App/network.c:54833:13:LL_ATON_Start_EpochBlock_145	8	static
../X-CUBE-AI/App/network.c:53897:13:LL_ATON_Start_EpochBlock_139	8	static
../X-CUBE-AI/App/network.c:52392:13:LL_ATON_Start_EpochBlock_134	8	static
../X-CUBE-AI/App/network.c:51855:13:LL_ATON_Start_EpochBlock_133	8	static
../X-CUBE-AI/App/network.c:49911:13:LL_ATON_Start_EpochBlock_122	8	static
../X-CUBE-AI/App/network.c:47924:13:LL_ATON_Start_EpochBlock_117	8	static
../X-CUBE-AI/App/network.c:45864:13:LL_ATON_Start_EpochBlock_112	8	static
../X-CUBE-AI/App/network.c:43985:13:LL_ATON_Start_EpochBlock_109	8	static
../X-CUBE-AI/App/network.c:43471:13:LL_ATON_Start_EpochBlock_108	8	static
../X-CUBE-AI/App/network.c:41741:13:LL_ATON_Start_EpochBlock_103	8	static
../X-CUBE-AI/App/network.c:41139:13:LL_ATON_Start_EpochBlock_97	8	static
../X-CUBE-AI/App/network.c:39957:13:LL_ATON_Start_EpochBlock_94	8	static
../X-CUBE-AI/App/network.c:38478:13:LL_ATON_Start_EpochBlock_91	8	static
../X-CUBE-AI/App/network.c:38025:13:LL_ATON_Start_EpochBlock_90	8	static
../X-CUBE-AI/App/network.c:36901:13:LL_ATON_Start_EpochBlock_88	8	static
../X-CUBE-AI/App/network.c:35240:13:LL_ATON_Start_EpochBlock_84	8	static
../X-CUBE-AI/App/network.c:34895:13:LL_ATON_Start_EpochBlock_82	8	static
../X-CUBE-AI/App/network.c:34689:13:LL_ATON_Start_EpochBlock_81	8	static
../X-CUBE-AI/App/network.c:33631:13:LL_ATON_Start_EpochBlock_79	8	static
../X-CUBE-AI/App/network.c:32306:13:LL_ATON_Start_EpochBlock_76	8	static
../X-CUBE-AI/App/network.c:31944:13:LL_ATON_Start_EpochBlock_75	8	static
../X-CUBE-AI/App/network.c:29456:13:LL_ATON_Start_EpochBlock_70	8	static
../X-CUBE-AI/App/network.c:27796:13:LL_ATON_Start_EpochBlock_66	8	static
../X-CUBE-AI/App/network.c:27365:13:LL_ATON_Start_EpochBlock_63	8	static
../X-CUBE-AI/App/network.c:3124:13:LL_ATON_Start_EpochBlock_8	8	static
../X-CUBE-AI/App/network.c:128:13:LL_ATON_Start_EpochBlock_1	8	static
../X-CUBE-AI/App/network.c:85529:13:LL_ATON_End_EpochBlock_234	24	static
../X-CUBE-AI/App/network.c:84827:13:LL_ATON_End_EpochBlock_231	24	static
../X-CUBE-AI/App/network.c:79690:13:LL_ATON_End_EpochBlock_207	24	static
../X-CUBE-AI/App/network.c:77548:13:LL_ATON_End_EpochBlock_200	24	static
../X-CUBE-AI/App/network.c:62262:13:LL_ATON_End_EpochBlock_160	24	static
../X-CUBE-AI/App/network.c:51255:13:LL_ATON_End_EpochBlock_124	24	static
../X-CUBE-AI/App/network.c:35418:13:LL_ATON_End_EpochBlock_85	24	static
../X-CUBE-AI/App/network.c:27974:13:LL_ATON_End_EpochBlock_67	24	static
../X-CUBE-AI/App/network.c:81467:13:LL_ATON_End_EpochBlock_223	200	static
../X-CUBE-AI/App/network.c:80825:13:LL_ATON_End_EpochBlock_219	200	static
../X-CUBE-AI/App/network.c:65283:13:LL_ATON_End_EpochBlock_177	200	static
../X-CUBE-AI/App/network.c:65102:13:LL_ATON_End_EpochBlock_174	200	static
../X-CUBE-AI/App/network.c:54775:13:LL_ATON_End_EpochBlock_144	192	static
../X-CUBE-AI/App/network.c:53840:13:LL_ATON_End_EpochBlock_138	192	static
../X-CUBE-AI/App/network.c:81400:13:LL_ATON_End_EpochBlock_222	256	static
../X-CUBE-AI/App/network.c:80758:13:LL_ATON_End_EpochBlock_218	256	static
../X-CUBE-AI/App/network.c:65222:13:LL_ATON_End_EpochBlock_176	256	static
../X-CUBE-AI/App/network.c:65041:13:LL_ATON_End_EpochBlock_173	256	static
../X-CUBE-AI/App/network.c:54714:13:LL_ATON_End_EpochBlock_143	256	static
../X-CUBE-AI/App/network.c:53779:13:LL_ATON_End_EpochBlock_137	256	static
../X-CUBE-AI/App/network.c:81337:13:LL_ATON_End_EpochBlock_221	200	static
../X-CUBE-AI/App/network.c:80695:13:LL_ATON_End_EpochBlock_217	200	static
../X-CUBE-AI/App/network.c:65165:13:LL_ATON_End_EpochBlock_175	200	static
../X-CUBE-AI/App/network.c:64984:13:LL_ATON_End_EpochBlock_172	200	static
../X-CUBE-AI/App/network.c:54657:13:LL_ATON_End_EpochBlock_142	200	static
../X-CUBE-AI/App/network.c:53722:13:LL_ATON_End_EpochBlock_136	200	static
../X-CUBE-AI/App/network.c:80234:13:LL_ATON_End_EpochBlock_215	40	static
../X-CUBE-AI/App/network.c:80178:13:LL_ATON_End_EpochBlock_214	40	static
../X-CUBE-AI/App/network.c:80122:13:LL_ATON_End_EpochBlock_213	40	static
../X-CUBE-AI/App/network.c:80066:13:LL_ATON_End_EpochBlock_212	40	static
../X-CUBE-AI/App/network.c:80010:13:LL_ATON_End_EpochBlock_211	40	static
../X-CUBE-AI/App/network.c:79954:13:LL_ATON_End_EpochBlock_210	40	static
../X-CUBE-AI/App/network.c:79898:13:LL_ATON_End_EpochBlock_209	40	static
../X-CUBE-AI/App/network.c:79842:13:LL_ATON_End_EpochBlock_208	40	static
../X-CUBE-AI/App/network.c:79083:13:LL_ATON_End_EpochBlock_205	40	static
../X-CUBE-AI/App/network.c:79027:13:LL_ATON_End_EpochBlock_204	40	static
../X-CUBE-AI/App/network.c:78349:13:LL_ATON_End_EpochBlock_202	40	static
../X-CUBE-AI/App/network.c:62806:13:LL_ATON_End_EpochBlock_168	40	static
../X-CUBE-AI/App/network.c:62750:13:LL_ATON_End_EpochBlock_167	40	static
../X-CUBE-AI/App/network.c:62694:13:LL_ATON_End_EpochBlock_166	40	static
../X-CUBE-AI/App/network.c:62638:13:LL_ATON_End_EpochBlock_165	40	static
../X-CUBE-AI/App/network.c:62582:13:LL_ATON_End_EpochBlock_164	40	static
../X-CUBE-AI/App/network.c:62526:13:LL_ATON_End_EpochBlock_163	40	static
../X-CUBE-AI/App/network.c:62470:13:LL_ATON_End_EpochBlock_162	40	static
../X-CUBE-AI/App/network.c:62414:13:LL_ATON_End_EpochBlock_161	40	static
../X-CUBE-AI/App/network.c:61551:13:LL_ATON_End_EpochBlock_158	40	static
../X-CUBE-AI/App/network.c:61495:13:LL_ATON_End_EpochBlock_157	40	static
../X-CUBE-AI/App/network.c:60817:13:LL_ATON_End_EpochBlock_155	40	static
../X-CUBE-AI/App/network.c:51799:13:LL_ATON_End_EpochBlock_132	40	static
../X-CUBE-AI/App/network.c:51743:13:LL_ATON_End_EpochBlock_131	40	static
../X-CUBE-AI/App/network.c:51687:13:LL_ATON_End_EpochBlock_130	40	static
../X-CUBE-AI/App/network.c:51631:13:LL_ATON_End_EpochBlock_129	40	static
../X-CUBE-AI/App/network.c:51575:13:LL_ATON_End_EpochBlock_128	40	static
../X-CUBE-AI/App/network.c:51519:13:LL_ATON_End_EpochBlock_127	40	static
../X-CUBE-AI/App/network.c:51463:13:LL_ATON_End_EpochBlock_126	40	static
../X-CUBE-AI/App/network.c:51407:13:LL_ATON_End_EpochBlock_125	40	static
../X-CUBE-AI/App/network.c:49235:13:LL_ATON_End_EpochBlock_120	40	static
../X-CUBE-AI/App/network.c:49179:13:LL_ATON_End_EpochBlock_119	40	static
../X-CUBE-AI/App/network.c:46144:13:LL_ATON_End_EpochBlock_113	40	static
../X-CUBE-AI/App/network.c:79139:13:LL_ATON_Start_EpochBlock_206	8	static
../X-CUBE-AI/App/network.c:78406:13:LL_ATON_Start_EpochBlock_203	8	static
../X-CUBE-AI/App/network.c:67161:13:LL_ATON_Start_EpochBlock_181	8	static
../X-CUBE-AI/App/network.c:61608:13:LL_ATON_Start_EpochBlock_159	8	static
../X-CUBE-AI/App/network.c:60874:13:LL_ATON_Start_EpochBlock_156	8	static
../X-CUBE-AI/App/network.c:49291:13:LL_ATON_Start_EpochBlock_121	8	static
../X-CUBE-AI/App/network.c:30516:13:LL_ATON_Start_EpochBlock_72	8	static
../X-CUBE-AI/App/network.c:76755:13:LL_ATON_Start_EpochBlock_199	8	static
../X-CUBE-AI/App/network.c:75010:13:LL_ATON_Start_EpochBlock_196	8	static
../X-CUBE-AI/App/network.c:73594:13:LL_ATON_Start_EpochBlock_193	8	static
../X-CUBE-AI/App/network.c:70223:13:LL_ATON_Start_EpochBlock_186	8	static
../X-CUBE-AI/App/network.c:67816:13:LL_ATON_Start_EpochBlock_182	8	static
../X-CUBE-AI/App/network.c:65870:13:LL_ATON_Start_EpochBlock_179	8	static
../X-CUBE-AI/App/network.c:64133:13:LL_ATON_Start_EpochBlock_171	8	static
../X-CUBE-AI/App/network.c:63338:13:LL_ATON_Start_EpochBlock_170	8	static
../X-CUBE-AI/App/network.c:59925:13:LL_ATON_Start_EpochBlock_154	8	static
../X-CUBE-AI/App/network.c:59200:13:LL_ATON_Start_EpochBlock_153	8	static
../X-CUBE-AI/App/network.c:57459:13:LL_ATON_Start_EpochBlock_150	8	static
../X-CUBE-AI/App/network.c:55958:13:LL_ATON_Start_EpochBlock_147	8	static
../X-CUBE-AI/App/network.c:52870:13:LL_ATON_Start_EpochBlock_135	8	static
../X-CUBE-AI/App/network.c:50403:13:LL_ATON_Start_EpochBlock_123	8	static
../X-CUBE-AI/App/network.c:48327:13:LL_ATON_Start_EpochBlock_118	8	static
../X-CUBE-AI/App/network.c:47071:13:LL_ATON_Start_EpochBlock_116	8	static
../X-CUBE-AI/App/network.c:46324:13:LL_ATON_Start_EpochBlock_115	8	static
../X-CUBE-AI/App/network.c:45023:13:LL_ATON_Start_EpochBlock_111	8	static
../X-CUBE-AI/App/network.c:44284:13:LL_ATON_Start_EpochBlock_110	8	static
../X-CUBE-AI/App/network.c:42817:13:LL_ATON_Start_EpochBlock_107	8	static
../X-CUBE-AI/App/network.c:41911:13:LL_ATON_Start_EpochBlock_104	8	static
../X-CUBE-AI/App/network.c:40286:13:LL_ATON_Start_EpochBlock_96	8	static
../X-CUBE-AI/App/network.c:39104:13:LL_ATON_Start_EpochBlock_93	8	static
../X-CUBE-AI/App/network.c:37108:13:LL_ATON_Start_EpochBlock_89	8	static
../X-CUBE-AI/App/network.c:36060:13:LL_ATON_Start_EpochBlock_87	8	static
../X-CUBE-AI/App/network.c:35542:13:LL_ATON_Start_EpochBlock_86	8	static
../X-CUBE-AI/App/network.c:33838:13:LL_ATON_Start_EpochBlock_80	8	static
../X-CUBE-AI/App/network.c:32779:13:LL_ATON_Start_EpochBlock_78	8	static
../X-CUBE-AI/App/network.c:31092:13:LL_ATON_Start_EpochBlock_74	8	static
../X-CUBE-AI/App/network.c:29663:13:LL_ATON_Start_EpochBlock_71	8	static
../X-CUBE-AI/App/network.c:28616:13:LL_ATON_Start_EpochBlock_69	8	static
../X-CUBE-AI/App/network.c:28098:13:LL_ATON_Start_EpochBlock_68	8	static
../X-CUBE-AI/App/network.c:26522:13:LL_ATON_Start_EpochBlock_62	8	static
../X-CUBE-AI/App/network.c:25730:13:LL_ATON_Start_EpochBlock_61	8	static
../X-CUBE-AI/App/network.c:24932:13:LL_ATON_Start_EpochBlock_60	8	static
../X-CUBE-AI/App/network.c:24346:13:LL_ATON_Start_EpochBlock_59	8	static
../X-CUBE-AI/App/network.c:23983:13:LL_ATON_Start_EpochBlock_58	8	static
../X-CUBE-AI/App/network.c:23264:13:LL_ATON_Start_EpochBlock_57	8	static
../X-CUBE-AI/App/network.c:22678:13:LL_ATON_Start_EpochBlock_56	8	static
../X-CUBE-AI/App/network.c:22315:13:LL_ATON_Start_EpochBlock_55	8	static
../X-CUBE-AI/App/network.c:21948:13:LL_ATON_Start_EpochBlock_54	8	static
../X-CUBE-AI/App/network.c:21454:13:LL_ATON_Start_EpochBlock_53	8	static
../X-CUBE-AI/App/network.c:20911:13:LL_ATON_Start_EpochBlock_52	8	static
../X-CUBE-AI/App/network.c:20070:13:LL_ATON_Start_EpochBlock_50	8	static
../X-CUBE-AI/App/network.c:19484:13:LL_ATON_Start_EpochBlock_49	8	static
../X-CUBE-AI/App/network.c:18941:13:LL_ATON_Start_EpochBlock_48	8	static
../X-CUBE-AI/App/network.c:18100:13:LL_ATON_Start_EpochBlock_46	8	static
../X-CUBE-AI/App/network.c:17514:13:LL_ATON_Start_EpochBlock_45	8	static
../X-CUBE-AI/App/network.c:16971:13:LL_ATON_Start_EpochBlock_44	8	static
../X-CUBE-AI/App/network.c:16130:13:LL_ATON_Start_EpochBlock_42	8	static
../X-CUBE-AI/App/network.c:15518:13:LL_ATON_Start_EpochBlock_40	8	static
../X-CUBE-AI/App/network.c:14827:13:LL_ATON_Start_EpochBlock_38	8	static
../X-CUBE-AI/App/network.c:14385:13:LL_ATON_Start_EpochBlock_37	8	static
../X-CUBE-AI/App/network.c:13661:13:LL_ATON_Start_EpochBlock_36	8	static
../X-CUBE-AI/App/network.c:13226:13:LL_ATON_Start_EpochBlock_34	8	static
../X-CUBE-AI/App/network.c:12604:13:LL_ATON_Start_EpochBlock_32	8	static
../X-CUBE-AI/App/network.c:11959:13:LL_ATON_Start_EpochBlock_31	8	static
../X-CUBE-AI/App/network.c:11524:13:LL_ATON_Start_EpochBlock_29	8	static
../X-CUBE-AI/App/network.c:10998:13:LL_ATON_Start_EpochBlock_27	8	static
../X-CUBE-AI/App/network.c:10635:13:LL_ATON_Start_EpochBlock_26	8	static
../X-CUBE-AI/App/network.c:9990:13:LL_ATON_Start_EpochBlock_25	8	static
../X-CUBE-AI/App/network.c:9584:13:LL_ATON_Start_EpochBlock_24	8	static
../X-CUBE-AI/App/network.c:9221:13:LL_ATON_Start_EpochBlock_23	8	static
../X-CUBE-AI/App/network.c:8576:13:LL_ATON_Start_EpochBlock_22	8	static
../X-CUBE-AI/App/network.c:8170:13:LL_ATON_Start_EpochBlock_21	8	static
../X-CUBE-AI/App/network.c:7807:13:LL_ATON_Start_EpochBlock_20	8	static
../X-CUBE-AI/App/network.c:7162:13:LL_ATON_Start_EpochBlock_19	8	static
../X-CUBE-AI/App/network.c:6756:13:LL_ATON_Start_EpochBlock_18	8	static
../X-CUBE-AI/App/network.c:6393:13:LL_ATON_Start_EpochBlock_17	8	static
../X-CUBE-AI/App/network.c:5748:13:LL_ATON_Start_EpochBlock_16	8	static
../X-CUBE-AI/App/network.c:5342:13:LL_ATON_Start_EpochBlock_15	8	static
../X-CUBE-AI/App/network.c:4797:13:LL_ATON_Start_EpochBlock_14	8	static
../X-CUBE-AI/App/network.c:4028:13:LL_ATON_Start_EpochBlock_12	8	static
../X-CUBE-AI/App/network.c:3416:13:LL_ATON_Start_EpochBlock_10	8	static
../X-CUBE-AI/App/network.c:2449:13:LL_ATON_Start_EpochBlock_7	8	static
../X-CUBE-AI/App/network.c:1804:13:LL_ATON_Start_EpochBlock_6	8	static
../X-CUBE-AI/App/network.c:1315:13:LL_ATON_Start_EpochBlock_4	8	static
../X-CUBE-AI/App/network.c:669:13:LL_ATON_Start_EpochBlock_3	8	static
../X-CUBE-AI/App/network.c:299:13:LL_ATON_Start_EpochBlock_2	8	static
../X-CUBE-AI/App/network.c:74942:13:LL_ATON_End_EpochBlock_195	32	static
../X-CUBE-AI/App/network.c:57391:13:LL_ATON_End_EpochBlock_149	32	static
../X-CUBE-AI/App/network.c:42749:13:LL_ATON_End_EpochBlock_106	32	static
../X-CUBE-AI/App/network.c:71731:13:LL_ATON_End_EpochBlock_189	328	static
../X-CUBE-AI/App/network.c:71661:13:LL_ATON_End_EpochBlock_188	328	static
../X-CUBE-AI/App/network.c:54587:13:LL_ATON_End_EpochBlock_141	328	static
../X-CUBE-AI/App/network.c:54517:13:LL_ATON_End_EpochBlock_140	328	static
../X-CUBE-AI/App/network.c:41545:13:LL_ATON_End_EpochBlock_100	328	static
../X-CUBE-AI/App/network.c:41475:13:LL_ATON_End_EpochBlock_99	328	static
../X-CUBE-AI/App/network.c:35144:13:LL_ATON_End_EpochBlock_83	32	static
../X-CUBE-AI/App/network.c:27700:13:LL_ATON_End_EpochBlock_65	32	static
../X-CUBE-AI/App/network.c:86:26:LL_ATON_Set_User_Input_Buffer_Default	0	static
../X-CUBE-AI/App/network.c:93:7:LL_ATON_Get_User_Input_Buffer_Default	0	static
../X-CUBE-AI/App/network.c:100:26:LL_ATON_Set_User_Output_Buffer_Default	0	static
../X-CUBE-AI/App/network.c:107:7:LL_ATON_Get_User_Output_Buffer_Default	0	static
../X-CUBE-AI/App/network.c:114:6:LL_ATON_EC_Network_Init_Default	0	static
../X-CUBE-AI/App/network.c:119:6:LL_ATON_EC_Inference_Init_Default	0	static
../X-CUBE-AI/App/network.c:86235:31:LL_ATON_EpochBlockItems_Default	0	static
../X-CUBE-AI/App/network.c:89551:30:LL_ATON_Input_Buffers_Info_Default	0	static
../X-CUBE-AI/App/network.c:101620:30:LL_ATON_Output_Buffers_Info_Default	0	static
../X-CUBE-AI/App/network.c:101659:30:LL_ATON_Internal_Buffers_Info_Default	0	static
