Archive member included to satisfy reference by file (symbol)

D:/studysoftware/STM32ide/STM32CubeIDE_1.19.0/STM32CubeIDE/plugins/com.st.stm32cube.ide.mcu.externaltools.gnu-tools-for-stm32.13.3.rel1.win32_1.0.0.202411081344/tools/bin/../lib/gcc/arm-none-eabi/13.3.1/../../../../arm-none-eabi/lib/thumb/v8-m.main+dp/hard\libc_nano.a(libc_a-exit.o)
                              D:/studysoftware/STM32ide/STM32CubeIDE_1.19.0/STM32CubeIDE/plugins/com.st.stm32cube.ide.mcu.externaltools.gnu-tools-for-stm32.13.3.rel1.win32_1.0.0.202411081344/tools/bin/../lib/gcc/arm-none-eabi/13.3.1/../../../../arm-none-eabi/lib/thumb/v8-m.main+dp/hard/crt0.o (exit)
D:/studysoftware/STM32ide/STM32CubeIDE_1.19.0/STM32CubeIDE/plugins/com.st.stm32cube.ide.mcu.externaltools.gnu-tools-for-stm32.13.3.rel1.win32_1.0.0.202411081344/tools/bin/../lib/gcc/arm-none-eabi/13.3.1/../../../../arm-none-eabi/lib/thumb/v8-m.main+dp/hard\libc_nano.a(libc_a-findfp.o)
                              D:/studysoftware/STM32ide/STM32CubeIDE_1.19.0/STM32CubeIDE/plugins/com.st.stm32cube.ide.mcu.externaltools.gnu-tools-for-stm32.13.3.rel1.win32_1.0.0.202411081344/tools/bin/../lib/gcc/arm-none-eabi/13.3.1/../../../../arm-none-eabi/lib/thumb/v8-m.main+dp/hard\libc_nano.a(libc_a-exit.o) (__stdio_exit_handler)
D:/studysoftware/STM32ide/STM32CubeIDE_1.19.0/STM32CubeIDE/plugins/com.st.stm32cube.ide.mcu.externaltools.gnu-tools-for-stm32.13.3.rel1.win32_1.0.0.202411081344/tools/bin/../lib/gcc/arm-none-eabi/13.3.1/../../../../arm-none-eabi/lib/thumb/v8-m.main+dp/hard\libc_nano.a(libc_a-fwalk.o)
                              D:/studysoftware/STM32ide/STM32CubeIDE_1.19.0/STM32CubeIDE/plugins/com.st.stm32cube.ide.mcu.externaltools.gnu-tools-for-stm32.13.3.rel1.win32_1.0.0.202411081344/tools/bin/../lib/gcc/arm-none-eabi/13.3.1/../../../../arm-none-eabi/lib/thumb/v8-m.main+dp/hard\libc_nano.a(libc_a-findfp.o) (_fwalk_sglue)
D:/studysoftware/STM32ide/STM32CubeIDE_1.19.0/STM32CubeIDE/plugins/com.st.stm32cube.ide.mcu.externaltools.gnu-tools-for-stm32.13.3.rel1.win32_1.0.0.202411081344/tools/bin/../lib/gcc/arm-none-eabi/13.3.1/../../../../arm-none-eabi/lib/thumb/v8-m.main+dp/hard\libc_nano.a(libc_a-stdio.o)
                              D:/studysoftware/STM32ide/STM32CubeIDE_1.19.0/STM32CubeIDE/plugins/com.st.stm32cube.ide.mcu.externaltools.gnu-tools-for-stm32.13.3.rel1.win32_1.0.0.202411081344/tools/bin/../lib/gcc/arm-none-eabi/13.3.1/../../../../arm-none-eabi/lib/thumb/v8-m.main+dp/hard\libc_nano.a(libc_a-findfp.o) (__sread)
D:/studysoftware/STM32ide/STM32CubeIDE_1.19.0/STM32CubeIDE/plugins/com.st.stm32cube.ide.mcu.externaltools.gnu-tools-for-stm32.13.3.rel1.win32_1.0.0.202411081344/tools/bin/../lib/gcc/arm-none-eabi/13.3.1/../../../../arm-none-eabi/lib/thumb/v8-m.main+dp/hard\libc_nano.a(libc_a-memset.o)
                              D:/studysoftware/STM32ide/STM32CubeIDE_1.19.0/STM32CubeIDE/plugins/com.st.stm32cube.ide.mcu.externaltools.gnu-tools-for-stm32.13.3.rel1.win32_1.0.0.202411081344/tools/bin/../lib/gcc/arm-none-eabi/13.3.1/../../../../arm-none-eabi/lib/thumb/v8-m.main+dp/hard/crt0.o (memset)
D:/studysoftware/STM32ide/STM32CubeIDE_1.19.0/STM32CubeIDE/plugins/com.st.stm32cube.ide.mcu.externaltools.gnu-tools-for-stm32.13.3.rel1.win32_1.0.0.202411081344/tools/bin/../lib/gcc/arm-none-eabi/13.3.1/../../../../arm-none-eabi/lib/thumb/v8-m.main+dp/hard\libc_nano.a(libc_a-closer.o)
                              D:/studysoftware/STM32ide/STM32CubeIDE_1.19.0/STM32CubeIDE/plugins/com.st.stm32cube.ide.mcu.externaltools.gnu-tools-for-stm32.13.3.rel1.win32_1.0.0.202411081344/tools/bin/../lib/gcc/arm-none-eabi/13.3.1/../../../../arm-none-eabi/lib/thumb/v8-m.main+dp/hard\libc_nano.a(libc_a-stdio.o) (_close_r)
D:/studysoftware/STM32ide/STM32CubeIDE_1.19.0/STM32CubeIDE/plugins/com.st.stm32cube.ide.mcu.externaltools.gnu-tools-for-stm32.13.3.rel1.win32_1.0.0.202411081344/tools/bin/../lib/gcc/arm-none-eabi/13.3.1/../../../../arm-none-eabi/lib/thumb/v8-m.main+dp/hard\libc_nano.a(libc_a-reent.o)
                              D:/studysoftware/STM32ide/STM32CubeIDE_1.19.0/STM32CubeIDE/plugins/com.st.stm32cube.ide.mcu.externaltools.gnu-tools-for-stm32.13.3.rel1.win32_1.0.0.202411081344/tools/bin/../lib/gcc/arm-none-eabi/13.3.1/../../../../arm-none-eabi/lib/thumb/v8-m.main+dp/hard\libc_nano.a(libc_a-closer.o) (errno)
D:/studysoftware/STM32ide/STM32CubeIDE_1.19.0/STM32CubeIDE/plugins/com.st.stm32cube.ide.mcu.externaltools.gnu-tools-for-stm32.13.3.rel1.win32_1.0.0.202411081344/tools/bin/../lib/gcc/arm-none-eabi/13.3.1/../../../../arm-none-eabi/lib/thumb/v8-m.main+dp/hard\libc_nano.a(libc_a-impure.o)
                              D:/studysoftware/STM32ide/STM32CubeIDE_1.19.0/STM32CubeIDE/plugins/com.st.stm32cube.ide.mcu.externaltools.gnu-tools-for-stm32.13.3.rel1.win32_1.0.0.202411081344/tools/bin/../lib/gcc/arm-none-eabi/13.3.1/../../../../arm-none-eabi/lib/thumb/v8-m.main+dp/hard\libc_nano.a(libc_a-reent.o) (_impure_ptr)
[...]
Memory Configuration

Name             Origin             Length             Attributes
ROM              0x34180400         0x0003fc00         xrw
RAM              0x341c0000         0x00040000         xrw
*default*        0x00000000         0xffffffff

Linker script and memory map

LOAD D:/studysoftware/STM32ide/STM32CubeIDE_1.19.0/STM32CubeIDE/plugins/com.st.stm32cube.ide.mcu.externaltools.gnu-tools-for-stm32.13.3.rel1.win32_1.0.0.202411081344/tools/bin/../lib/gcc/arm-none-eabi/13.3.1/thumb/v8-m.main+dp/hard/crti.o
LOAD D:/studysoftware/STM32ide/STM32CubeIDE_1.19.0/STM32CubeIDE/plugins/com.st.stm32cube.ide.mcu.externaltools.gnu-tools-for-stm32.13.3.rel1.win32_1.0.0.202411081344/tools/bin/../lib/gcc/arm-none-eabi/13.3.1/thumb/v8-m.main+dp/hard/crtbegin.o
LOAD D:/studysoftware/STM32ide/STM32CubeIDE_1.19.0/STM32CubeIDE/plugins/com.st.stm32cube.ide.mcu.externaltools.gnu-tools-for-stm32.13.3.rel1.win32_1.0.0.202411081344/tools/bin/../lib/gcc/arm-none-eabi/13.3.1/../../../../arm-none-eabi/lib/thumb/v8-m.main+dp/hard/crt0.o
LOAD ./Core/Src/extmem_manager.o
LOAD ./Core/Src/gpio.o
LOAD ./Core/Src/main.o
LOAD ./Core/Src/stm32n6xx_hal_msp.o
LOAD ./Core/Src/stm32n6xx_it.o
LOAD ./Core/Src/sysmem.o
LOAD ./Core/Src/system_stm32n6xx_fsbl.o
LOAD ./Core/Src/xspi.o
LOAD ./Core/Src/xspim.o
LOAD ./Core/Startup/startup_stm32n647x0hxq_fsbl.o
LOAD ./Drivers/STM32N6xx_HAL_Driver/stm32n6xx_hal.o
LOAD ./Drivers/STM32N6xx_HAL_Driver/stm32n6xx_hal_cortex.o
LOAD ./Drivers/STM32N6xx_HAL_Driver/stm32n6xx_hal_dma.o
LOAD ./Drivers/STM32N6xx_HAL_Driver/stm32n6xx_hal_dma_ex.o
LOAD ./Drivers/STM32N6xx_HAL_Driver/stm32n6xx_hal_exti.o
LOAD ./Drivers/STM32N6xx_HAL_Driver/stm32n6xx_hal_gpio.o
LOAD ./Drivers/STM32N6xx_HAL_Driver/stm32n6xx_hal_pwr.o
LOAD ./Drivers/STM32N6xx_HAL_Driver/stm32n6xx_hal_pwr_ex.o
LOAD ./Drivers/STM32N6xx_HAL_Driver/stm32n6xx_hal_rcc.o
LOAD ./Drivers/STM32N6xx_HAL_Driver/stm32n6xx_hal_rcc_ex.o
LOAD ./Drivers/STM32N6xx_HAL_Driver/stm32n6xx_hal_xspi.o
LOAD ./Middlewares/ST/STM32_ExtMem_Manager/stm32_boot_xip.o
LOAD ./Middlewares/ST/STM32_ExtMem_Manager/stm32_extmem.o
LOAD ./Middlewares/ST/STM32_ExtMem_Manager/stm32_psram_driver.o
LOAD ./Middlewares/ST/STM32_ExtMem_Manager/stm32_sal_sd.o
LOAD ./Middlewares/ST/STM32_ExtMem_Manager/stm32_sal_xspi.o
LOAD ./Middlewares/ST/STM32_ExtMem_Manager/stm32_sdcard_driver.o
LOAD ./Middlewares/ST/STM32_ExtMem_Manager/stm32_sfdp_data.o
LOAD ./Middlewares/ST/STM32_ExtMem_Manager/stm32_sfdp_driver.o
LOAD ./Middlewares/ST/STM32_ExtMem_Manager/stm32_user_driver.o
START GROUP
LOAD D:/studysoftware/STM32ide/STM32CubeIDE_1.19.0/STM32CubeIDE/plugins/com.st.stm32cube.ide.mcu.externaltools.gnu-tools-for-stm32.13.3.rel1.win32_1.0.0.202411081344/tools/bin/../lib/gcc/arm-none-eabi/13.3.1/../../../../arm-none-eabi/lib/thumb/v8-m.main+dp/hard\libc_nano.a
LOAD D:/studysoftware/STM32ide/STM32CubeIDE_1.19.0/STM32CubeIDE/plugins/com.st.stm32cube.ide.mcu.externaltools.gnu-tools-for-stm32.13.3.rel1.win32_1.0.0.202411081344/tools/bin/../lib/gcc/arm-none-eabi/13.3.1/../../../../arm-none-eabi/lib/thumb/v8-m.main+dp/hard\libm.a
END GROUP
START GROUP
LOAD D:/studysoftware/STM32ide/STM32CubeIDE_1.19.0/STM32CubeIDE/plugins/com.st.stm32cube.ide.mcu.externaltools.gnu-tools-for-stm32.13.3.rel1.win32_1.0.0.202411081344/tools/bin/../lib/gcc/arm-none-eabi/13.3.1/thumb/v8-m.main+dp/hard\libgcc.a
LOAD D:/studysoftware/STM32ide/STM32CubeIDE_1.19.0/STM32CubeIDE/plugins/com.st.stm32cube.ide.mcu.externaltools.gnu-tools-for-stm32.13.3.rel1.win32_1.0.0.202411081344/tools/bin/../lib/gcc/arm-none-eabi/13.3.1/../../../../arm-none-eabi/lib/thumb/v8-m.main+dp/hard\libc_nano.a
END GROUP
START GROUP
LOAD D:/studysoftware/STM32ide/STM32CubeIDE_1.19.0/STM32CubeIDE/plugins/com.st.stm32cube.ide.mcu.externaltools.gnu-tools-for-stm32.13.3.rel1.win32_1.0.0.202411081344/tools/bin/../lib/gcc/arm-none-eabi/13.3.1/thumb/v8-m.main+dp/hard\libgcc.a
LOAD D:/studysoftware/STM32ide/STM32CubeIDE_1.19.0/STM32CubeIDE/plugins/com.st.stm32cube.ide.mcu.externaltools.gnu-tools-for-stm32.13.3.rel1.win32_1.0.0.202411081344/tools/bin/../lib/gcc/arm-none-eabi/13.3.1/../../../../arm-none-eabi/lib/thumb/v8-m.main+dp/hard\libc_nano.a
LOAD D:/studysoftware/STM32ide/STM32CubeIDE_1.19.0/STM32CubeIDE/plugins/com.st.stm32cube.ide.mcu.externaltools.gnu-tools-for-stm32.13.3.rel1.win32_1.0.0.202411081344/tools/bin/../lib/gcc/arm-none-eabi/13.3.1/../../../../arm-none-eabi/lib/thumb/v8-m.main+dp/hard\libnosys.a
END GROUP
START GROUP
LOAD D:/studysoftware/STM32ide/STM32CubeIDE_1.19.0/STM32CubeIDE/plugins/com.st.stm32cube.ide.mcu.externaltools.gnu-tools-for-stm32.13.3.rel1.win32_1.0.0.202411081344/tools/bin/../lib/gcc/arm-none-eabi/13.3.1/thumb/v8-m.main+dp/hard\libgcc.a
LOAD D:/studysoftware/STM32ide/STM32CubeIDE_1.19.0/STM32CubeIDE/plugins/com.st.stm32cube.ide.mcu.externaltools.gnu-tools-for-stm32.13.3.rel1.win32_1.0.0.202411081344/tools/bin/../lib/gcc/arm-none-eabi/13.3.1/../../../../arm-none-eabi/lib/thumb/v8-m.main+dp/hard\libc_nano.a
LOAD D:/studysoftware/STM32ide/STM32CubeIDE_1.19.0/STM32CubeIDE/plugins/com.st.stm32cube.ide.mcu.externaltools.gnu-tools-for-stm32.13.3.rel1.win32_1.0.0.202411081344/tools/bin/../lib/gcc/arm-none-eabi/13.3.1/../../../../arm-none-eabi/lib/thumb/v8-m.main+dp/hard\libnosys.a
END GROUP
LOAD D:/studysoftware/STM32ide/STM32CubeIDE_1.19.0/STM32CubeIDE/plugins/com.st.stm32cube.ide.mcu.externaltools.gnu-tools-for-stm32.13.3.rel1.win32_1.0.0.202411081344/tools/bin/../lib/gcc/arm-none-eabi/13.3.1/thumb/v8-m.main+dp/hard/crtend.o
LOAD D:/studysoftware/STM32ide/STM32CubeIDE_1.19.0/STM32CubeIDE/plugins/com.st.stm32cube.ide.mcu.externaltools.gnu-tools-for-stm32.13.3.rel1.win32_1.0.0.202411081344/tools/bin/../lib/gcc/arm-none-eabi/13.3.1/thumb/v8-m.main+dp/hard/crtn.o
                0x34200000                        _estack = (ORIGIN (RAM) + LENGTH (RAM))
                0x341ff800                        _sstack = (_estack - _Min_Stack_Size)
                0x00000200                        _Min_Heap_Size = 0x200
                0x00000800                        _Min_Stack_Size = 0x800

.isr_vector     0x34180400      0x34c
                0x34180400                        . = ALIGN (0x4)
 *(.isr_vector)
 .isr_vector    0x34180400      0x34c ./Core/Startup/startup_stm32n647x0hxq_fsbl.o
                0x34180400                g_pfnVectors
                0x3418074c                        . = ALIGN (0x4)

.text           0x3418074c     0x3b94
                0x3418074c                        . = ALIGN (0x4)
 *(.text)
 .text          0x3418074c       0x40 D:/studysoftware/STM32ide/STM32CubeIDE_1.19.0/STM32CubeIDE/plugins/com.st.stm32cube.ide.mcu.externaltools.gnu-tools-for-stm32.13.3.rel1.win32_1.0.0.202411081344/tools/bin/../lib/gcc/arm-none-eabi/13.3.1/thumb/v8-m.main+dp/hard/crtbegin.o
 *(.text*)
 .text.MX_EXTMEM_MANAGER_Init
                0x3418078c       0x24 ./Core/Src/extmem_manager.o
                0x3418078c                MX_EXTMEM_MANAGER_Init
 .text.MX_GPIO_Init
                0x341807b0       0x3c ./Core/Src/gpio.o
                0x341807b0                MX_GPIO_Init
 .text.SystemClock_Config
                0x341807ec      0x10a ./Core/Src/main.o
                0x341807ec                SystemClock_Config
 *fill*         0x341808f6        0x2 
 .text.startup.main
                0x341808f8       0xf0 ./Core/Src/main.o
                0x341808f8                main
 .text.Error_Handler
                0x341809e8        0x4 ./Core/Src/main.o
                0x341809e8                Error_Handler
 .text.LL_AHB5_GRP1_EnableClock
                0x341809ec       0x18 ./Core/Src/stm32n6xx_hal_msp.o
 .text.HAL_MspInit
                0x34180a04       0x2a ./Core/Src/stm32n6xx_hal_msp.o
                0x34180a04                HAL_MspInit
 *fill*         0x34180a2e        0x2 
 .text.HAL_XSPI_MspInit
                0x34180a30      0x13c ./Core/Src/stm32n6xx_hal_msp.o
                0x34180a30                HAL_XSPI_MspInit
 .text.NMI_Handler
                0x34180b6c        0x2 ./Core/Src/stm32n6xx_it.o
                0x34180b6c                NMI_Handler
 .text.HardFault_Handler
                0x34180b6e        0x2 ./Core/Src/stm32n6xx_it.o
                0x34180b6e                HardFault_Handler
 .text.MemManage_Handler
                0x34180b70        0x2 ./Core/Src/stm32n6xx_it.o
                0x34180b70                MemManage_Handler
 .text.BusFault_Handler
                0x34180b72        0x2 ./Core/Src/stm32n6xx_it.o
                0x34180b72                BusFault_Handler
 .text.UsageFault_Handler
                0x34180b74        0x2 ./Core/Src/stm32n6xx_it.o
                0x34180b74                UsageFault_Handler
 .text.SecureFault_Handler
                0x34180b76        0x2 ./Core/Src/stm32n6xx_it.o
                0x34180b76                SecureFault_Handler
 .text.SVC_Handler
                0x34180b78        0x2 ./Core/Src/stm32n6xx_it.o
                0x34180b78                SVC_Handler
 .text.DebugMon_Handler
                0x34180b7a        0x2 ./Core/Src/stm32n6xx_it.o
                0x34180b7a                DebugMon_Handler
 .text.PendSV_Handler
                0x34180b7c        0x2 ./Core/Src/stm32n6xx_it.o
                0x34180b7c                PendSV_Handler
 .text.SysTick_Handler
                0x34180b7e        0x4 ./Core/Src/stm32n6xx_it.o
                0x34180b7e                SysTick_Handler
 *fill*         0x34180b82        0x2 
 .text.SystemInit
                0x34180b84      0x12c ./Core/Src/system_stm32n6xx_fsbl.o
                0x34180b84                SystemInit
 .text.SystemCoreClockUpdate
                0x34180cb0      0x1dc ./Core/Src/system_stm32n6xx_fsbl.o
                0x34180cb0                SystemCoreClockUpdate
 .text.SECURE_SystemCoreClockUpdate
                0x34180e8c       0x24 ./Core/Src/system_stm32n6xx_fsbl.o
                0x34180e8c                __acle_se_SECURE_SystemCoreClockUpdate
 .text.MX_XSPI1_Init
                0x34180eb0       0x9c ./Core/Src/xspi.o
                0x34180eb0                MX_XSPI1_Init
 .text.MX_XSPI2_Init
                0x34180f4c       0x64 ./Core/Src/xspi.o
                0x34180f4c                MX_XSPI2_Init
 .text.Reset_Handler
                0x34180fb0       0x5c ./Core/Startup/startup_stm32n647x0hxq_fsbl.o
                0x34180fb0                Reset_Handler
 .text.Default_Handler
                0x3418100c        0x2 ./Core/Startup/startup_stm32n647x0hxq_fsbl.o
                0x3418100c                HPDMA1_Channel13_IRQHandler
                0x3418100c                EXTI2_IRQHandler
                0x3418100c                TIM8_CC_IRQHandler
                0x3418100c                USB2_OTG_HS_IRQHandler
                0x3418100c                SAI1_A_IRQHandler
                0x3418100c                EXTI5_IRQHandler
                0x3418100c                I3C1_ER_IRQHandler
                0x3418100c                UART8_IRQHandler
                0x3418100c                CTI_INT0_IRQHandler
                0x3418100c                SPI4_IRQHandler
                0x3418100c                LTDC_LO_IRQHandler
                0x3418100c                NPU2_IRQHandler
                0x3418100c                FDCAN3_IT0_IRQHandler
                0x3418100c                EXTI13_IRQHandler
                0x3418100c                TIM1_CC_IRQHandler
                0x3418100c                XSPI1_IRQHandler
                0x3418100c                TIM10_IRQHandler
                0x3418100c                JPEG_IRQHandler
                0x3418100c                TAMP_IRQHandler
                0x3418100c                CACHE_ECC_IRQHandler
                0x3418100c                TIM6_IRQHandler
                0x3418100c                CSI_IRQHandler
                0x3418100c                EXTI12_IRQHandler
                0x3418100c                GFXTIM_IRQHandler
                0x3418100c                EXTI3_IRQHandler
                0x3418100c                LPTIM4_IRQHandler
                0x3418100c                GPDMA1_Channel5_IRQHandler
                0x3418100c                EXTI8_IRQHandler
                0x3418100c                LPTIM2_IRQHandler
                0x3418100c                GFXMMU_IRQHandler
                0x3418100c                LTDC_LO_ERR_IRQHandler
                0x3418100c                I2C3_ER_IRQHandler
                0x3418100c                RIFSC_TAMPER_IRQHandler
                0x3418100c                USART10_IRQHandler
                0x3418100c                MDF1_FLT2_IRQHandler
                0x3418100c                LPTIM3_IRQHandler
                0x3418100c                SAI2_A_IRQHandler
                0x3418100c                EXTI0_IRQHandler
                0x3418100c                HPDMA1_Channel9_IRQHandler
                0x3418100c                I2C2_EV_IRQHandler
                0x3418100c                GPU2D_IRQHandler
                0x3418100c                FPU_IRQHandler
                0x3418100c                GPDMA1_Channel3_IRQHandler
                0x3418100c                GPDMA1_Channel7_IRQHandler
                0x3418100c                MDF1_FLT4_IRQHandler
                0x3418100c                FDCAN1_IT1_IRQHandler
                0x3418100c                HPDMA1_Channel3_IRQHandler
                0x3418100c                ADC1_2_IRQHandler
                0x3418100c                GPDMA1_Channel9_IRQHandler
                0x3418100c                SPI1_IRQHandler
                0x3418100c                CACHEAXI_IRQHandler
                0x3418100c                SAI1_B_IRQHandler
                0x3418100c                GPDMA1_Channel2_IRQHandler
                0x3418100c                PAHB_ERR_IRQHandler
                0x3418100c                TIM8_UP_IRQHandler
                0x3418100c                RCC_S_IRQHandler
                0x3418100c                MDF1_FLT1_IRQHandler
                0x3418100c                LTDC_UP_IRQHandler
                0x3418100c                LOCKUP_IRQHandler
                0x3418100c                PKA_IRQHandler
                0x3418100c                USART6_IRQHandler
                0x3418100c                HPDMA1_Channel2_IRQHandler
                0x3418100c                MDF1_FLT5_IRQHandler
                0x3418100c                I3C2_ER_IRQHandler
                0x3418100c                EXTI15_IRQHandler
                0x3418100c                TIM17_IRQHandler
                0x3418100c                USART3_IRQHandler
                0x3418100c                HPDMA1_Channel6_IRQHandler
                0x3418100c                RTC_IRQHandler
                0x3418100c                XSPI2_IRQHandler
                0x3418100c                EXTI9_IRQHandler
                0x3418100c                IAC_IRQHandler
                0x3418100c                HPDMA1_Channel0_IRQHandler
                0x3418100c                LPTIM5_IRQHandler
                0x3418100c                HPDMA1_Channel1_IRQHandler
                0x3418100c                UART5_IRQHandler
                0x3418100c                TIM4_IRQHandler
                0x3418100c                NPU3_IRQHandler
                0x3418100c                I3C2_EV_IRQHandler
                0x3418100c                I2C1_EV_IRQHandler
                0x3418100c                FDCAN_CU_IRQHandler
                0x3418100c                GPDMA1_Channel12_IRQHandler
                0x3418100c                HPDMA1_Channel7_IRQHandler
                0x3418100c                GPDMA1_Channel1_IRQHandler
                0x3418100c                TIM16_IRQHandler
                0x3418100c                GPDMA1_Channel15_IRQHandler
                0x3418100c                UART4_IRQHandler
                0x3418100c                TCM_ECC_IRQHandler
                0x3418100c                TIM3_IRQHandler
                0x3418100c                RCC_IRQHandler
                0x3418100c                UART9_IRQHandler
                0x3418100c                NPU1_IRQHandler
                0x3418100c                SAI2_B_IRQHandler
                0x3418100c                Default_Handler
                0x3418100c                GPDMA1_Channel8_IRQHandler
                0x3418100c                HPDMA1_Channel8_IRQHandler
                0x3418100c                TIM18_IRQHandler
                0x3418100c                TIM14_IRQHandler
                0x3418100c                TIM13_IRQHandler
                0x3418100c                CTI_INT1_IRQHandler
                0x3418100c                GPDMA1_Channel11_IRQHandler
                0x3418100c                GPU2D_ER_IRQHandler
                0x3418100c                SPI5_IRQHandler
                0x3418100c                TIM12_IRQHandler
                0x3418100c                TIM7_IRQHandler
                0x3418100c                FDCAN3_IT1_IRQHandler
                0x3418100c                HPDMA1_Channel10_IRQHandler
                0x3418100c                SDMMC1_IRQHandler
                0x3418100c                TIM5_IRQHandler
                0x3418100c                UCPD1_IRQHandler
                0x3418100c                GPDMA1_Channel0_IRQHandler
                0x3418100c                I3C1_EV_IRQHandler
                0x3418100c                HPDMA1_Channel5_IRQHandler
                0x3418100c                TIM15_IRQHandler
                0x3418100c                I2C3_EV_IRQHandler
                0x3418100c                HPDMA1_Channel4_IRQHandler
                0x3418100c                HPDMA1_Channel15_IRQHandler
                0x3418100c                TIM9_IRQHandler
                0x3418100c                ETH1_IRQHandler
                0x3418100c                USB1_OTG_HS_IRQHandler
                0x3418100c                PVD_PVM_IRQHandler
                0x3418100c                SPI2_IRQHandler
                0x3418100c                TIM1_TRG_CCU_IRQHandler
                0x3418100c                HPDMA1_Channel11_IRQHandler
                0x3418100c                EXTI14_IRQHandler
                0x3418100c                EXTI11_IRQHandler
                0x3418100c                VENC_IRQHandler
                0x3418100c                GPDMA1_Channel14_IRQHandler
                0x3418100c                EXTI4_IRQHandler
                0x3418100c                RTC_S_IRQHandler
                0x3418100c                GPDMA1_Channel13_IRQHandler
                0x3418100c                RNG_IRQHandler
                0x3418100c                XSPI3_IRQHandler
                0x3418100c                FDCAN2_IT1_IRQHandler
                0x3418100c                TIM1_UP_IRQHandler
                0x3418100c                NPU0_IRQHandler
                0x3418100c                BCK_ECC_IRQHandler
                0x3418100c                WWDG_IRQHandler
                0x3418100c                SPI6_IRQHandler
                0x3418100c                MDIOS_IRQHandler
                0x3418100c                I2C4_EV_IRQHandler
                0x3418100c                FDCAN2_IT0_IRQHandler
                0x3418100c                IWDG_IRQHandler
                0x3418100c                HPDMA1_Channel14_IRQHandler
                0x3418100c                LPUART1_IRQHandler
                0x3418100c                FDCAN1_IT0_IRQHandler
                0x3418100c                MDF1_FLT0_IRQHandler
                0x3418100c                TIM2_IRQHandler
                0x3418100c                GPDMA1_Channel4_IRQHandler
                0x3418100c                EXTI7_IRQHandler
                0x3418100c                DMA2D_IRQHandler
                0x3418100c                TIM1_BRK_IRQHandler
                0x3418100c                EXTI1_IRQHandler
                0x3418100c                SDMMC2_IRQHandler
                0x3418100c                TIM11_IRQHandler
                0x3418100c                LTDC_UP_ERR_IRQHandler
                0x3418100c                UART7_IRQHandler
                0x3418100c                DTS_IRQHandler
                0x3418100c                MDF1_FLT3_IRQHandler
                0x3418100c                USART2_IRQHandler
                0x3418100c                GPDMA1_Channel6_IRQHandler
                0x3418100c                ADF1_FLT0_IRQHandler
                0x3418100c                I2C2_ER_IRQHandler
                0x3418100c                SPDIFRX_IRQHandler
                0x3418100c                TIM8_BRK_IRQHandler
                0x3418100c                HPDMA1_Channel12_IRQHandler
                0x3418100c                USART1_IRQHandler
                0x3418100c                EXTI10_IRQHandler
                0x3418100c                SPI3_IRQHandler
                0x3418100c                WAKEUP_PIN_IRQHandler
                0x3418100c                DCMIPP_IRQHandler
                0x3418100c                I2C1_ER_IRQHandler
                0x3418100c                FMC_IRQHandler
                0x3418100c                EXTI6_IRQHandler
                0x3418100c                LPTIM1_IRQHandler
                0x3418100c                DCMI_PSSI_IRQHandler
                0x3418100c                TIM8_TRG_CCU_IRQHandler
                0x3418100c                I2C4_ER_IRQHandler
                0x3418100c                GPDMA1_Channel10_IRQHandler
                0x3418100c                ICACHE_IRQHandler
                0x3418100c                HASH_IRQHandler
 *fill*         0x3418100e        0x2 
 .text.HAL_InitTick
                0x34181010       0x4c ./Drivers/STM32N6xx_HAL_Driver/stm32n6xx_hal.o
                0x34181010                HAL_InitTick
 .text.HAL_Init
                0x3418105c       0x22 ./Drivers/STM32N6xx_HAL_Driver/stm32n6xx_hal.o
                0x3418105c                HAL_Init
 *fill*         0x3418107e        0x2 
 .text.HAL_IncTick
                0x34181080       0x18 ./Drivers/STM32N6xx_HAL_Driver/stm32n6xx_hal.o
                0x34181080                HAL_IncTick
 .text.HAL_GetTick
                0x34181098        0xc ./Drivers/STM32N6xx_HAL_Driver/stm32n6xx_hal.o
                0x34181098                HAL_GetTick
 .text.HAL_Delay
                0x341810a4       0x24 ./Drivers/STM32N6xx_HAL_Driver/stm32n6xx_hal.o
                0x341810a4                HAL_Delay
 .text.HAL_SuspendTick
                0x341810c8        0xe ./Drivers/STM32N6xx_HAL_Driver/stm32n6xx_hal.o
                0x341810c8                HAL_SuspendTick
 *fill*         0x341810d6        0x2 
 .text.HAL_NVIC_SetPriorityGrouping
                0x341810d8       0x24 ./Drivers/STM32N6xx_HAL_Driver/stm32n6xx_hal_cortex.o
                0x341810d8                HAL_NVIC_SetPriorityGrouping
 .text.HAL_NVIC_SetPriority
                0x341810fc       0x68 ./Drivers/STM32N6xx_HAL_Driver/stm32n6xx_hal_cortex.o
                0x341810fc                HAL_NVIC_SetPriority
 .text.HAL_SYSTICK_Config
                0x34181164       0x28 ./Drivers/STM32N6xx_HAL_Driver/stm32n6xx_hal_cortex.o
                0x34181164                HAL_SYSTICK_Config
 .text.HAL_GPIO_Init
                0x3418118c      0x1e0 ./Drivers/STM32N6xx_HAL_Driver/stm32n6xx_hal_gpio.o
                0x3418118c                HAL_GPIO_Init
 .text.HAL_GPIO_WritePin
                0x3418136c        0xa ./Drivers/STM32N6xx_HAL_Driver/stm32n6xx_hal_gpio.o
                0x3418136c                HAL_GPIO_WritePin
 .text.HAL_GPIO_TogglePin
                0x34181376       0x12 ./Drivers/STM32N6xx_HAL_Driver/stm32n6xx_hal_gpio.o
                0x34181376                HAL_GPIO_TogglePin
 .text.HAL_PWREx_ConfigSupply
                0x34181388       0x34 ./Drivers/STM32N6xx_HAL_Driver/stm32n6xx_hal_pwr_ex.o
                0x34181388                HAL_PWREx_ConfigSupply
 .text.HAL_PWREx_ConfigVddIORange
                0x341813bc       0x60 ./Drivers/STM32N6xx_HAL_Driver/stm32n6xx_hal_pwr_ex.o
                0x341813bc                HAL_PWREx_ConfigVddIORange
 .text.HAL_PWREx_EnableVddIO2
                0x3418141c       0x10 ./Drivers/STM32N6xx_HAL_Driver/stm32n6xx_hal_pwr_ex.o
                0x3418141c                HAL_PWREx_EnableVddIO2
 .text.HAL_PWREx_EnableVddIO3
                0x3418142c       0x10 ./Drivers/STM32N6xx_HAL_Driver/stm32n6xx_hal_pwr_ex.o
                0x3418142c                HAL_PWREx_EnableVddIO3
 .text.HAL_PWREx_EnableVddIO4
                0x3418143c       0x10 ./Drivers/STM32N6xx_HAL_Driver/stm32n6xx_hal_pwr_ex.o
                0x3418143c                HAL_PWREx_EnableVddIO4
 .text.LL_RCC_HSI_IsReady
                0x3418144c       0x10 ./Drivers/STM32N6xx_HAL_Driver/stm32n6xx_hal_rcc.o
 .text.LL_RCC_MSI_IsReady
                0x3418145c       0x10 ./Drivers/STM32N6xx_HAL_Driver/stm32n6xx_hal_rcc.o
 .text.LL_RCC_PLL1_IsReady
                0x3418146c       0x10 ./Drivers/STM32N6xx_HAL_Driver/stm32n6xx_hal_rcc.o
 .text.RCC_PLL_IsNewConfig
                0x3418147c       0x84 ./Drivers/STM32N6xx_HAL_Driver/stm32n6xx_hal_rcc.o
 .text.RCC_PLL_Config
                0x34181500      0x198 ./Drivers/STM32N6xx_HAL_Driver/stm32n6xx_hal_rcc.o
 .text.RCC_PLL_Enable
                0x34181698       0x30 ./Drivers/STM32N6xx_HAL_Driver/stm32n6xx_hal_rcc.o
 .text.RCC_IC_CheckPLLSources
                0x341816c8       0xb0 ./Drivers/STM32N6xx_HAL_Driver/stm32n6xx_hal_rcc.o
 .text.HAL_RCC_OscConfig
                0x34181778      0x590 ./Drivers/STM32N6xx_HAL_Driver/stm32n6xx_hal_rcc.o
                0x34181778                HAL_RCC_OscConfig
 .text.HAL_RCC_GetCpuClockFreq
                0x34181d08       0x94 ./Drivers/STM32N6xx_HAL_Driver/stm32n6xx_hal_rcc.o
                0x34181d08                HAL_RCC_GetCpuClockFreq
 .text.HAL_RCC_ClockConfig
                0x34181d9c      0x2b8 ./Drivers/STM32N6xx_HAL_Driver/stm32n6xx_hal_rcc.o
                0x34181d9c                HAL_RCC_ClockConfig
 .text.HAL_RCC_GetClockConfig
                0x34182054       0x84 ./Drivers/STM32N6xx_HAL_Driver/stm32n6xx_hal_rcc.o
                0x34182054                HAL_RCC_GetClockConfig
 .text.LL_RCC_HSE_SelectHSEAsDiv2Clock
                0x341820d8       0x10 ./Drivers/STM32N6xx_HAL_Driver/stm32n6xx_hal_rcc_ex.o
 .text.LL_RCC_HSE_SelectHSEDiv2AsDiv2Clock
                0x341820e8       0x10 ./Drivers/STM32N6xx_HAL_Driver/stm32n6xx_hal_rcc_ex.o
 .text.LL_RCC_HSE_IsReady
                0x341820f8       0x10 ./Drivers/STM32N6xx_HAL_Driver/stm32n6xx_hal_rcc_ex.o
 .text.LL_RCC_HSI_IsReady
                0x34182108       0x10 ./Drivers/STM32N6xx_HAL_Driver/stm32n6xx_hal_rcc_ex.o
 .text.LL_RCC_MSI_IsReady
                0x34182118       0x10 ./Drivers/STM32N6xx_HAL_Driver/stm32n6xx_hal_rcc_ex.o
 .text.LL_RCC_LSE_IsReady
                0x34182128       0x10 ./Drivers/STM32N6xx_HAL_Driver/stm32n6xx_hal_rcc_ex.o
 .text.LL_RCC_SetClockSource
                0x34182138       0x24 ./Drivers/STM32N6xx_HAL_Driver/stm32n6xx_hal_rcc_ex.o
 .text.RCCEx_GetPLLSourceFreq
                0x3418215c       0x6c ./Drivers/STM32N6xx_HAL_Driver/stm32n6xx_hal_rcc_ex.o
 .text.RCCEx_CalcPLLFreq
                0x341821c8       0x58 ./Drivers/STM32N6xx_HAL_Driver/stm32n6xx_hal_rcc_ex.o
 .text.HAL_RCCEx_PeriphCLKConfig
                0x34182220     0x18dc ./Drivers/STM32N6xx_HAL_Driver/stm32n6xx_hal_rcc_ex.o
                0x34182220                HAL_RCCEx_PeriphCLKConfig
 .text.HAL_RCCEx_GetPLL1CLKFreq
                0x34183afc       0x80 ./Drivers/STM32N6xx_HAL_Driver/stm32n6xx_hal_rcc_ex.o
                0x34183afc                HAL_RCCEx_GetPLL1CLKFreq
 .text.HAL_RCCEx_GetPLL2CLKFreq
                0x34183b7c       0x80 ./Drivers/STM32N6xx_HAL_Driver/stm32n6xx_hal_rcc_ex.o
                0x34183b7c                HAL_RCCEx_GetPLL2CLKFreq
 .text.HAL_RCCEx_GetPLL3CLKFreq
                0x34183bfc       0x80 ./Drivers/STM32N6xx_HAL_Driver/stm32n6xx_hal_rcc_ex.o
                0x34183bfc                HAL_RCCEx_GetPLL3CLKFreq
 .text.HAL_RCCEx_GetPLL4CLKFreq
                0x34183c7c       0x80 ./Drivers/STM32N6xx_HAL_Driver/stm32n6xx_hal_rcc_ex.o
                0x34183c7c                HAL_RCCEx_GetPLL4CLKFreq
 .text.XSPI_WaitFlagStateUntilTimeout
                0x34183cfc       0x4e ./Drivers/STM32N6xx_HAL_Driver/stm32n6xx_hal_xspi.o
 *fill*         0x34183d4a        0x2 
 .text.HAL_XSPI_Init
                0x34183d4c      0x158 ./Drivers/STM32N6xx_HAL_Driver/stm32n6xx_hal_xspi.o
                0x34183d4c                HAL_XSPI_Init
 .text.HAL_XSPI_HyperbusCfg
                0x34183ea4       0x50 ./Drivers/STM32N6xx_HAL_Driver/stm32n6xx_hal_xspi.o
                0x34183ea4                HAL_XSPI_HyperbusCfg
 .text.HAL_XSPIM_Config
                0x34183ef4      0x19c ./Drivers/STM32N6xx_HAL_Driver/stm32n6xx_hal_xspi.o
                0x34183ef4                HAL_XSPIM_Config
 .text.MapMemory
                0x34184090       0x1c ./Middlewares/ST/STM32_ExtMem_Manager/stm32_boot_xip.o
                0x34184090                MapMemory
 .text.JumpToApplication
                0x341840ac       0xdc ./Middlewares/ST/STM32_ExtMem_Manager/stm32_boot_xip.o
                0x341840ac                JumpToApplication
 .text.BOOT_Application
                0x34184188       0x12 ./Middlewares/ST/STM32_ExtMem_Manager/stm32_boot_xip.o
                0x34184188                BOOT_Application
 *fill*         0x3418419a        0x2 
 .text.EXTMEM_Init
                0x3418419c       0x38 ./Middlewares/ST/STM32_ExtMem_Manager/stm32_extmem.o
                0x3418419c                EXTMEM_Init
 .text.EXTMEM_MemoryMappedMode
                0x341841d4       0x44 ./Middlewares/ST/STM32_ExtMem_Manager/stm32_extmem.o
                0x341841d4                EXTMEM_MemoryMappedMode
 .text.EXTMEM_GetMapAddress
                0x34184218       0x38 ./Middlewares/ST/STM32_ExtMem_Manager/stm32_extmem.o
                0x34184218                EXTMEM_GetMapAddress
 .text.EXTMEM_DRIVER_USER_Init
                0x34184250        0xc ./Middlewares/ST/STM32_ExtMem_Manager/stm32_user_driver.o
                0x34184250                EXTMEM_DRIVER_USER_Init
 .text.EXTMEM_DRIVER_USER_Enable_MemoryMappedMode
                0x3418425c        0x6 ./Middlewares/ST/STM32_ExtMem_Manager/stm32_user_driver.o
                0x3418425c                EXTMEM_DRIVER_USER_Enable_MemoryMappedMode
 .text.EXTMEM_DRIVER_USER_Disable_MemoryMappedMode
                0x34184262        0x6 ./Middlewares/ST/STM32_ExtMem_Manager/stm32_user_driver.o
                0x34184262                EXTMEM_DRIVER_USER_Disable_MemoryMappedMode
 .text.EXTMEM_DRIVER_USER_GetMapAddress
                0x34184268        0x6 ./Middlewares/ST/STM32_ExtMem_Manager/stm32_user_driver.o
                0x34184268                EXTMEM_DRIVER_USER_GetMapAddress
 .text.memset   0x3418426e       0x10 D:/studysoftware/STM32ide/STM32CubeIDE_1.19.0/STM32CubeIDE/plugins/com.st.stm32cube.ide.mcu.externaltools.gnu-tools-for-stm32.13.3.rel1.win32_1.0.0.202411081344/tools/bin/../lib/gcc/arm-none-eabi/13.3.1/../../../../arm-none-eabi/lib/thumb/v8-m.main+dp/hard\libc_nano.a(libc_a-memset.o)
                0x3418426e                memset
 *fill*         0x3418427e        0x2 
 .text.__libc_init_array
                0x34184280       0x48 D:/studysoftware/STM32ide/STM32CubeIDE_1.19.0/STM32CubeIDE/plugins/com.st.stm32cube.ide.mcu.externaltools.gnu-tools-for-stm32.13.3.rel1.win32_1.0.0.202411081344/tools/bin/../lib/gcc/arm-none-eabi/13.3.1/../../../../arm-none-eabi/lib/thumb/v8-m.main+dp/hard\libc_nano.a(libc_a-init.o)
                0x34184280                __libc_init_array
 *(.glue_7)
 .glue_7        0x341842c8        0x0 linker stubs
 *(.glue_7t)
 .glue_7t       0x341842c8        0x0 linker stubs
 *(.eh_frame)
 .eh_frame      0x341842c8        0x0 D:/studysoftware/STM32ide/STM32CubeIDE_1.19.0/STM32CubeIDE/plugins/com.st.stm32cube.ide.mcu.externaltools.gnu-tools-for-stm32.13.3.rel1.win32_1.0.0.202411081344/tools/bin/../lib/gcc/arm-none-eabi/13.3.1/thumb/v8-m.main+dp/hard/crtbegin.o
 *(.RamFunc)
 *(.RamFunc*)
 *(.init)
 .init          0x341842c8        0x4 D:/studysoftware/STM32ide/STM32CubeIDE_1.19.0/STM32CubeIDE/plugins/com.st.stm32cube.ide.mcu.externaltools.gnu-tools-for-stm32.13.3.rel1.win32_1.0.0.202411081344/tools/bin/../lib/gcc/arm-none-eabi/13.3.1/thumb/v8-m.main+dp/hard/crti.o
                0x341842c8                _init
 .init          0x341842cc        0x8 D:/studysoftware/STM32ide/STM32CubeIDE_1.19.0/STM32CubeIDE/plugins/com.st.stm32cube.ide.mcu.externaltools.gnu-tools-for-stm32.13.3.rel1.win32_1.0.0.202411081344/tools/bin/../lib/gcc/arm-none-eabi/13.3.1/thumb/v8-m.main+dp/hard/crtn.o
 *(.fini)
 .fini          0x341842d4        0x4 D:/studysoftware/STM32ide/STM32CubeIDE_1.19.0/STM32CubeIDE/plugins/com.st.stm32cube.ide.mcu.externaltools.gnu-tools-for-stm32.13.3.rel1.win32_1.0.0.202411081344/tools/bin/../lib/gcc/arm-none-eabi/13.3.1/thumb/v8-m.main+dp/hard/crti.o
                0x341842d4                _fini
 .fini          0x341842d8        0x8 D:/studysoftware/STM32ide/STM32CubeIDE_1.19.0/STM32CubeIDE/plugins/com.st.stm32cube.ide.mcu.externaltools.gnu-tools-for-stm32.13.3.rel1.win32_1.0.0.202411081344/tools/bin/../lib/gcc/arm-none-eabi/13.3.1/thumb/v8-m.main+dp/hard/crtn.o
                0x341842e0                        . = ALIGN (0x4)
                0x341842e0                        _etext = .

.vfp11_veneer   0x341842e0        0x0
 .vfp11_veneer  0x341842e0        0x0 linker stubs

.v4_bx          0x341842e0        0x0
 .v4_bx         0x341842e0        0x0 linker stubs

.iplt           0x341842e0        0x0
 .iplt          0x341842e0        0x0 D:/studysoftware/STM32ide/STM32CubeIDE_1.19.0/STM32CubeIDE/plugins/com.st.stm32cube.ide.mcu.externaltools.gnu-tools-for-stm32.13.3.rel1.win32_1.0.0.202411081344/tools/bin/../lib/gcc/arm-none-eabi/13.3.1/thumb/v8-m.main+dp/hard/crtbegin.o

.rodata         0x341842e0        0x0
                0x341842e0                        . = ALIGN (0x4)
 *(.rodata)
 *(.rodata*)
                0x341842e0                        . = ALIGN (0x4)

.ARM.extab      0x341842e0        0x0
                0x341842e0                        . = ALIGN (0x4)
 *(.ARM.extab* .gnu.linkonce.armextab.*)
                0x341842e0                        . = ALIGN (0x4)

.ARM            0x341842e0        0x0
                0x341842e0                        . = ALIGN (0x4)
                0x341842e0                        __exidx_start = .
 *(.ARM.exidx*)
                0x341842e0                        __exidx_end = .
                0x341842e0                        . = ALIGN (0x4)

.preinit_array  0x341842e0        0x0
                0x341842e0                        . = ALIGN (0x4)
                0x341842e0                        PROVIDE (__preinit_array_start = .)
 *(.preinit_array*)
                0x341842e0                        PROVIDE (__preinit_array_end = .)
                0x341842e0                        . = ALIGN (0x4)

.init_array     0x341842e0        0x4
                0x341842e0                        . = ALIGN (0x4)
                0x341842e0                        PROVIDE (__init_array_start = .)
 *(SORT_BY_NAME(.init_array.*))
 *(.init_array*)
 .init_array    0x341842e0        0x4 D:/studysoftware/STM32ide/STM32CubeIDE_1.19.0/STM32CubeIDE/plugins/com.st.stm32cube.ide.mcu.externaltools.gnu-tools-for-stm32.13.3.rel1.win32_1.0.0.202411081344/tools/bin/../lib/gcc/arm-none-eabi/13.3.1/thumb/v8-m.main+dp/hard/crtbegin.o
                0x341842e4                        PROVIDE (__init_array_end = .)
                0x341842e4                        . = ALIGN (0x4)

.fini_array     0x341842e4        0x4
                0x341842e4                        . = ALIGN (0x4)
                [!provide]                        PROVIDE (__fini_array_start = .)
 *(SORT_BY_NAME(.fini_array.*))
 *(.fini_array*)
 .fini_array    0x341842e4        0x4 D:/studysoftware/STM32ide/STM32CubeIDE_1.19.0/STM32CubeIDE/plugins/com.st.stm32cube.ide.mcu.externaltools.gnu-tools-for-stm32.13.3.rel1.win32_1.0.0.202411081344/tools/bin/../lib/gcc/arm-none-eabi/13.3.1/thumb/v8-m.main+dp/hard/crtbegin.o
                [!provide]                        PROVIDE (__fini_array_end = .)
                0x341842e8                        . = ALIGN (0x4)
                0x341842e8                        _sidata = LOADADDR (.data)

.rel.dyn        0x341842e8        0x0
 .rel.iplt      0x341842e8        0x0 D:/studysoftware/STM32ide/STM32CubeIDE_1.19.0/STM32CubeIDE/plugins/com.st.stm32cube.ide.mcu.externaltools.gnu-tools-for-stm32.13.3.rel1.win32_1.0.0.202411081344/tools/bin/../lib/gcc/arm-none-eabi/13.3.1/thumb/v8-m.main+dp/hard/crtbegin.o

.data           0x341c0000        0xc load address 0x341842e8
                0x341c0000                        . = ALIGN (0x4)
                0x341c0000                        _sdata = .
 *(.data)
 *(.data*)
 .data.SystemCoreClock
                0x341c0000        0x4 ./Core/Src/system_stm32n6xx_fsbl.o
                0x341c0000                SystemCoreClock
 .data.uwTickFreq
                0x341c0004        0x1 ./Drivers/STM32N6xx_HAL_Driver/stm32n6xx_hal.o
                0x341c0004                uwTickFreq
 *fill*         0x341c0005        0x3 
 .data.uwTickPrio
                0x341c0008        0x4 ./Drivers/STM32N6xx_HAL_Driver/stm32n6xx_hal.o
                0x341c0008                uwTickPrio
                0x341c000c                        . = ALIGN (0x4)
                0x341c000c                        _edata = .

.igot.plt       0x341c000c        0x0 load address 0x341842f4
 .igot.plt      0x341c000c        0x0 D:/studysoftware/STM32ide/STM32CubeIDE_1.19.0/STM32CubeIDE/plugins/com.st.stm32cube.ide.mcu.externaltools.gnu-tools-for-stm32.13.3.rel1.win32_1.0.0.202411081344/tools/bin/../lib/gcc/arm-none-eabi/13.3.1/thumb/v8-m.main+dp/hard/crtbegin.o

.noncacheable   0x341c000c        0x4 load address 0x341842f4
                0x341c0010                        . = ALIGN (0x8)
 *fill*         0x341c000c        0x4 
                0x341c0010                        __snoncacheable = .
 *(.noncacheable)
                0x341c0010                        . = ALIGN (0x8)
                0x341c0010                        __enoncacheable = .

.gnu.sgstubs    0x34184300       0x20
                0x34184300                        . = ALIGN (0x4)
 *(.gnu.sgstubs*)
                0x34184300                        . = ALIGN (0x4)
 .gnu.sgstubs.__stub
                0x34184300        0x8 linker stubs
                0x34184300                SECURE_SystemCoreClockUpdate
                0x34184308                        . = ALIGN (0x4)

.bss            0x341c0010      0x104
                0x341c0010                        _sbss = .
                0x341c0010                        __bss_start__ = _sbss
 *(.bss)
 .bss           0x341c0010       0x1c D:/studysoftware/STM32ide/STM32CubeIDE_1.19.0/STM32CubeIDE/plugins/com.st.stm32cube.ide.mcu.externaltools.gnu-tools-for-stm32.13.3.rel1.win32_1.0.0.202411081344/tools/bin/../lib/gcc/arm-none-eabi/13.3.1/thumb/v8-m.main+dp/hard/crtbegin.o
 *(.bss*)
 .bss.HAL_RCC_XSPIM_CLK_ENABLED
                0x341c002c        0x4 ./Core/Src/stm32n6xx_hal_msp.o
 .bss.hxspi2    0x341c0030       0x64 ./Core/Src/xspi.o
                0x341c0030                hxspi2
 .bss.hxspi1    0x341c0094       0x64 ./Core/Src/xspi.o
                0x341c0094                hxspi1
 .bss.uwTick    0x341c00f8        0x4 ./Drivers/STM32N6xx_HAL_Driver/stm32n6xx_hal.o
                0x341c00f8                uwTick
 .bss.JumpToApp.0
                0x341c00fc        0x4 ./Middlewares/ST/STM32_ExtMem_Manager/stm32_boot_xip.o
 .bss.extmem_list_config
                0x341c0100       0x14 ./Middlewares/ST/STM32_ExtMem_Manager/stm32_extmem.o
                0x341c0100                extmem_list_config
 *(COMMON)
                0x341c0114                        . = ALIGN (0x4)
                0x341c0114                        _ebss = .
                0x341c0114                        __bss_end__ = _ebss

._user_heap_stack
                0x341c0114      0xa04
                0x341c0118                        . = ALIGN (0x8)
 *fill*         0x341c0114        0x4 
                [!provide]                        PROVIDE (end = .)
                0x341c0118                        PROVIDE (_end = .)
                0x341c0318                        . = (. + _Min_Heap_Size)
 *fill*         0x341c0118      0x200 
                0x341c0b18                        . = (. + _Min_Stack_Size)
 *fill*         0x341c0318      0x800 
                0x341c0b18                        . = ALIGN (0x8)

/DISCARD/
 libc.a(*)
 libm.a(*)
 libgcc.a(*)

.ARM.attributes
                0x00000000       0x3a
 *(.ARM.attributes)
 .ARM.attributes
                0x00000000       0x24 D:/studysoftware/STM32ide/STM32CubeIDE_1.19.0/STM32CubeIDE/plugins/com.st.stm32cube.ide.mcu.externaltools.gnu-tools-for-stm32.13.3.rel1.win32_1.0.0.202411081344/tools/bin/../lib/gcc/arm-none-eabi/13.3.1/thumb/v8-m.main+dp/hard/crti.o
 .ARM.attributes
                0x00000024       0x36 D:/studysoftware/STM32ide/STM32CubeIDE_1.19.0/STM32CubeIDE/plugins/com.st.stm32cube.ide.mcu.externaltools.gnu-tools-for-stm32.13.3.rel1.win32_1.0.0.202411081344/tools/bin/../lib/gcc/arm-none-eabi/13.3.1/thumb/v8-m.main+dp/hard/crtbegin.o
 .ARM.attributes
                0x0000005a       0x3e ./Core/Src/extmem_manager.o
 .ARM.attributes
                0x00000098       0x3e ./Core/Src/gpio.o
 .ARM.attributes
                0x000000d6       0x3e ./Core/Src/main.o
 .ARM.attributes
                0x00000114       0x3e ./Core/Src/stm32n6xx_hal_msp.o
 .ARM.attributes
                0x00000152       0x3e ./Core/Src/stm32n6xx_it.o
 .ARM.attributes
                0x00000190       0x3e ./Core/Src/system_stm32n6xx_fsbl.o
 .ARM.attributes
                0x000001ce       0x3e ./Core/Src/xspi.o
 .ARM.attributes
                0x0000020c       0x22 ./Core/Startup/startup_stm32n647x0hxq_fsbl.o
 .ARM.attributes
                0x0000022e       0x3e ./Drivers/STM32N6xx_HAL_Driver/stm32n6xx_hal.o
 .ARM.attributes
                0x0000026c       0x3e ./Drivers/STM32N6xx_HAL_Driver/stm32n6xx_hal_cortex.o
 .ARM.attributes
                0x000002aa       0x3e ./Drivers/STM32N6xx_HAL_Driver/stm32n6xx_hal_gpio.o
 .ARM.attributes
                0x000002e8       0x3e ./Drivers/STM32N6xx_HAL_Driver/stm32n6xx_hal_pwr_ex.o
 .ARM.attributes
                0x00000326       0x3e ./Drivers/STM32N6xx_HAL_Driver/stm32n6xx_hal_rcc.o
 .ARM.attributes
                0x00000364       0x3e ./Drivers/STM32N6xx_HAL_Driver/stm32n6xx_hal_rcc_ex.o
 .ARM.attributes
                0x000003a2       0x3e ./Drivers/STM32N6xx_HAL_Driver/stm32n6xx_hal_xspi.o
 .ARM.attributes
                0x000003e0       0x3e ./Middlewares/ST/STM32_ExtMem_Manager/stm32_boot_xip.o
 .ARM.attributes
                0x0000041e       0x3e ./Middlewares/ST/STM32_ExtMem_Manager/stm32_extmem.o
 .ARM.attributes
                0x0000045c       0x3e ./Middlewares/ST/STM32_ExtMem_Manager/stm32_user_driver.o
 .ARM.attributes
                0x0000049a       0x36 D:/studysoftware/STM32ide/STM32CubeIDE_1.19.0/STM32CubeIDE/plugins/com.st.stm32cube.ide.mcu.externaltools.gnu-tools-for-stm32.13.3.rel1.win32_1.0.0.202411081344/tools/bin/../lib/gcc/arm-none-eabi/13.3.1/../../../../arm-none-eabi/lib/thumb/v8-m.main+dp/hard\libc_nano.a(libc_a-memset.o)
 .ARM.attributes
                0x000004d0       0x36 D:/studysoftware/STM32ide/STM32CubeIDE_1.19.0/STM32CubeIDE/plugins/com.st.stm32cube.ide.mcu.externaltools.gnu-tools-for-stm32.13.3.rel1.win32_1.0.0.202411081344/tools/bin/../lib/gcc/arm-none-eabi/13.3.1/../../../../arm-none-eabi/lib/thumb/v8-m.main+dp/hard\libc_nano.a(libc_a-init.o)
 .ARM.attributes
                0x00000506       0x24 D:/studysoftware/STM32ide/STM32CubeIDE_1.19.0/STM32CubeIDE/plugins/com.st.stm32cube.ide.mcu.externaltools.gnu-tools-for-stm32.13.3.rel1.win32_1.0.0.202411081344/tools/bin/../lib/gcc/arm-none-eabi/13.3.1/thumb/v8-m.main+dp/hard/crtn.o
OUTPUT(dahuange_FSBL.elf elf32-littlearm)
LOAD linker stubs
LOAD D:/studysoftware/STM32ide/STM32CubeIDE_1.19.0/STM32CubeIDE/plugins/com.st.stm32cube.ide.mcu.externaltools.gnu-tools-for-stm32.13.3.rel1.win32_1.0.0.202411081344/tools/bin/../lib/gcc/arm-none-eabi/13.3.1/../../../../arm-none-eabi/lib/thumb/v8-m.main+dp/hard\libc.a
LOAD D:/studysoftware/STM32ide/STM32CubeIDE_1.19.0/STM32CubeIDE/plugins/com.st.stm32cube.ide.mcu.externaltools.gnu-tools-for-stm32.13.3.rel1.win32_1.0.0.202411081344/tools/bin/../lib/gcc/arm-none-eabi/13.3.1/../../../../arm-none-eabi/lib/thumb/v8-m.main+dp/hard\libm.a
LOAD D:/studysoftware/STM32ide/STM32CubeIDE_1.19.0/STM32CubeIDE/plugins/com.st.stm32cube.ide.mcu.externaltools.gnu-tools-for-stm32.13.3.rel1.win32_1.0.0.202411081344/tools/bin/../lib/gcc/arm-none-eabi/13.3.1/thumb/v8-m.main+dp/hard\libgcc.a

.comment        0x00000000       0x43
 .comment       0x00000000       0x43 ./Core/Src/extmem_manager.o
                                 0x44 (size before relaxing)
 .comment       0x00000043       0x44 ./Core/Src/gpio.o
 .comment       0x00000043       0x44 ./Core/Src/main.o
 .comment       0x00000043       0x44 ./Core/Src/stm32n6xx_hal_msp.o
 .comment       0x00000043       0x44 ./Core/Src/stm32n6xx_it.o
 .comment       0x00000043       0x44 ./Core/Src/system_stm32n6xx_fsbl.o
 .comment       0x00000043       0x44 ./Core/Src/xspi.o
 .comment       0x00000043       0x44 ./Drivers/STM32N6xx_HAL_Driver/stm32n6xx_hal.o
 .comment       0x00000043       0x44 ./Drivers/STM32N6xx_HAL_Driver/stm32n6xx_hal_cortex.o
 .comment       0x00000043       0x44 ./Drivers/STM32N6xx_HAL_Driver/stm32n6xx_hal_gpio.o
 .comment       0x00000043       0x44 ./Drivers/STM32N6xx_HAL_Driver/stm32n6xx_hal_pwr_ex.o
 .comment       0x00000043       0x44 ./Drivers/STM32N6xx_HAL_Driver/stm32n6xx_hal_rcc.o
 .comment       0x00000043       0x44 ./Drivers/STM32N6xx_HAL_Driver/stm32n6xx_hal_rcc_ex.o
 .comment       0x00000043       0x44 ./Drivers/STM32N6xx_HAL_Driver/stm32n6xx_hal_xspi.o
 .comment       0x00000043       0x44 ./Middlewares/ST/STM32_ExtMem_Manager/stm32_boot_xip.o
 .comment       0x00000043       0x44 ./Middlewares/ST/STM32_ExtMem_Manager/stm32_extmem.o
 .comment       0x00000043       0x44 ./Middlewares/ST/STM32_ExtMem_Manager/stm32_user_driver.o

.debug_frame    0x00000000       0x4c
 .debug_frame   0x00000000       0x20 D:/studysoftware/STM32ide/STM32CubeIDE_1.19.0/STM32CubeIDE/plugins/com.st.stm32cube.ide.mcu.externaltools.gnu-tools-for-stm32.13.3.rel1.win32_1.0.0.202411081344/tools/bin/../lib/gcc/arm-none-eabi/13.3.1/../../../../arm-none-eabi/lib/thumb/v8-m.main+dp/hard\libc_nano.a(libc_a-memset.o)
 .debug_frame   0x00000020       0x2c D:/studysoftware/STM32ide/STM32CubeIDE_1.19.0/STM32CubeIDE/plugins/com.st.stm32cube.ide.mcu.externaltools.gnu-tools-for-stm32.13.3.rel1.win32_1.0.0.202411081344/tools/bin/../lib/gcc/arm-none-eabi/13.3.1/../../../../arm-none-eabi/lib/thumb/v8-m.main+dp/hard\libc_nano.a(libc_a-init.o)
