../Drivers/BSP/LCD/bsp_lcd.c:267:16:bsp_lcd_get_pixel	16	static
../Drivers/BSP/LCD/bsp_lcd.c:286:16:bsp_lcd_set_pixel	20	static
../Drivers/BSP/LCD/bsp_lcd.c:306:16:bsp_lcd_get_x_size	0	static
../Drivers/BSP/LCD/bsp_lcd.c:313:16:bsp_lcd_get_y_size	0	static
../Drivers/BSP/LCD/bsp_lcd.c:320:16:bsp_lcd_set_layer	0	static
../Drivers/BSP/LCD/bsp_lcd.c:353:16:bsp_lcd_get_format	0	static
../Drivers/BSP/LCD/bsp_lcd.c:415:13:bsp_lcd_fill_buffer	32	static
../Drivers/BSP/LCD/bsp_lcd.c:257:16:bsp_lcd_fill_rect	24	static
../Drivers/BSP/LCD/bsp_lcd.c:247:16:bsp_lcd_draw_v_line	24	static
../Drivers/BSP/LCD/bsp_lcd.c:237:16:bsp_lcd_draw_h_line	24	static
../Drivers/BSP/LCD/bsp_lcd.c:374:13:bsp_lcd_convert_line_to_rgb	32	static
../Drivers/BSP/LCD/bsp_lcd.c:203:16:bsp_lcd_fill_rgb_rect	48	static,ignoring_inline_asm
../Drivers/BSP/LCD/bsp_lcd.c:164:16:bsp_lcd_draw_bitmap	40	static
../Drivers/BSP/LCD/bsp_lcd.c:31:11:bsp_lcd_get_framebuffer	0	static
../Drivers/BSP/LCD/bsp_lcd.c:37:6:bsp_lcd_clear	16	static
../Drivers/BSP/LCD/bsp_lcd.c:97:6:bsp_lcd_config_layer	72	static
../Drivers/BSP/LCD/bsp_lcd.c:52:6:bsp_lcd_init_ex	48	static
../Drivers/BSP/LCD/bsp_lcd.c:47:6:bsp_lcd_init	0	static
../Drivers/BSP/LCD/bsp_lcd.c:147:6:bsp_lcd_set_brightness	0	static
../Drivers/BSP/LCD/bsp_lcd.c:159:21:bsp_lcd_get_ltdc_handle	0	static
