../Middlewares/STM32_ISP_Library/isp/Src/isp_services.c:190:16:GetAvgStats	8	static
../Middlewares/STM32_ISP_Library/isp/Src/isp_services.c:230:13:SetStatConfig	20	static
../Middlewares/STM32_ISP_Library/isp/Src/isp_services.c:222:13:ReadStatHistogram	16	static
../Middlewares/STM32_ISP_Library/isp/Src/isp_services.c:429:9:LuminanceFromRGB	8	static
../Middlewares/STM32_ISP_Library/isp/Src/isp_services.c:435:9:LuminanceFromRGBMono	0	static
../Middlewares/STM32_ISP_Library/isp/Src/isp_services.c:450:19:ISP_SVC_ISP_SetDemosaicing	48	static
../Middlewares/STM32_ISP_Library/isp/Src/isp_services.c:515:19:ISP_SVC_ISP_SetStatRemoval	8	static
../Middlewares/STM32_ISP_Library/isp/Src/isp_services.c:554:19:ISP_SVC_ISP_SetDecimation	24	static
../Middlewares/STM32_ISP_Library/isp/Src/isp_services.c:614:19:ISP_SVC_ISP_GetDecimation	0	static
../Middlewares/STM32_ISP_Library/isp/Src/isp_services.c:628:19:ISP_SVC_ISP_SetContrast	48	static
../Middlewares/STM32_ISP_Library/isp/Src/isp_services.c:682:19:ISP_SVC_ISP_SetStatArea	40	static
../Middlewares/STM32_ISP_Library/isp/Src/isp_services.c:735:19:ISP_SVC_ISP_GetStatArea	32	static
../Middlewares/STM32_ISP_Library/isp/Src/isp_services.c:774:19:ISP_SVC_ISP_SetBadPixel	8	static
../Middlewares/STM32_ISP_Library/isp/Src/isp_services.c:814:19:ISP_SVC_ISP_GetBadPixel	16	static
../Middlewares/STM32_ISP_Library/isp/Src/isp_services.c:844:19:ISP_SVC_ISP_SetBlackLevel	16	static
../Middlewares/STM32_ISP_Library/isp/Src/isp_services.c:887:19:ISP_SVC_ISP_GetBlackLevel	24	static
../Middlewares/STM32_ISP_Library/isp/Src/isp_services.c:915:19:ISP_SVC_ISP_SetGain	48	static
../Middlewares/STM32_ISP_Library/isp/Src/isp_services.c:958:19:ISP_SVC_ISP_GetGain	32	static
../Middlewares/STM32_ISP_Library/isp/Src/isp_services.c:985:19:ISP_SVC_ISP_SetColorConv	48	static
../Middlewares/STM32_ISP_Library/isp/Src/isp_services.c:1048:19:ISP_SVC_ISP_GetColorConv	48	static
../Middlewares/STM32_ISP_Library/isp/Src/isp_services.c:1082:19:ISP_SVC_Sensor_GetInfo	8	static
../Middlewares/STM32_ISP_Library/isp/Src/isp_services.c:1108:19:ISP_SVC_Sensor_SetGain	8	static
../Middlewares/STM32_ISP_Library/isp/Src/isp_services.c:1136:19:ISP_SVC_Sensor_GetGain	8	static
../Middlewares/STM32_ISP_Library/isp/Src/isp_services.c:1162:19:ISP_SVC_Sensor_SetExposure	8	static
../Middlewares/STM32_ISP_Library/isp/Src/isp_services.c:1190:19:ISP_SVC_Sensor_GetExposure	8	static
../Middlewares/STM32_ISP_Library/isp/Src/isp_services.c:1216:19:ISP_SVC_Sensor_SetTestPattern	8	static
../Middlewares/STM32_ISP_Library/isp/Src/isp_services.c:1245:19:ISP_SVC_Misc_GetDCMIPPVersion	0	static
../Middlewares/STM32_ISP_Library/isp/Src/isp_services.c:1266:19:ISP_SVC_Misc_IsDCMIPPReady	8	static
../Middlewares/STM32_ISP_Library/isp/Src/isp_services.c:1288:6:ISP_SVC_Misc_IncMainFrameId	0	static
../Middlewares/STM32_ISP_Library/isp/Src/isp_services.c:1299:10:ISP_SVC_Misc_GetMainFrameId	0	static
../Middlewares/STM32_ISP_Library/isp/Src/isp_services.c:1310:6:ISP_SVC_Misc_IncAncillaryFrameId	0	static
../Middlewares/STM32_ISP_Library/isp/Src/isp_services.c:1321:10:ISP_SVC_Misc_GetAncillaryFrameId	0	static
../Middlewares/STM32_ISP_Library/isp/Src/isp_services.c:1332:6:ISP_SVC_Misc_IncDumpFrameId	0	static
../Middlewares/STM32_ISP_Library/isp/Src/isp_services.c:1343:10:ISP_SVC_Misc_GetDumpFrameId	0	static
../Middlewares/STM32_ISP_Library/isp/Src/isp_services.c:1355:19:ISP_SVC_Misc_SetWBRefMode	0	static
../Middlewares/STM32_ISP_Library/isp/Src/isp_services.c:1371:19:ISP_SVC_Misc_GetWBRefMode	0	static
../Middlewares/STM32_ISP_Library/isp/Src/isp_services.c:1386:6:ISP_SVC_Misc_SensorDelayMeasureStart	0	static
../Middlewares/STM32_ISP_Library/isp/Src/isp_services.c:1397:6:ISP_SVC_Misc_SensorDelayMeasureStop	0	static
../Middlewares/STM32_ISP_Library/isp/Src/isp_services.c:1408:6:ISP_SVC_Misc_SensorDelayMeasureIsRunning	0	static
../Middlewares/STM32_ISP_Library/isp/Src/isp_services.c:1420:19:ISP_SVC_Misc_SendSensorDelayMeasure	0	static
../Middlewares/STM32_ISP_Library/isp/Src/isp_services.c:1435:19:ISP_SVC_Misc_StopPreview	0	static
../Middlewares/STM32_ISP_Library/isp/Src/isp_services.c:1457:19:ISP_SVC_Misc_StartPreview	0	static
../Middlewares/STM32_ISP_Library/isp/Src/isp_services.c:1480:6:ISP_SVC_Misc_IsGammaEnabled	8	static
../Middlewares/STM32_ISP_Library/isp/Src/isp_services.c:1512:19:ISP_SVC_ISP_SetGamma	16	static
../Middlewares/STM32_ISP_Library/isp/Src/isp_services.c:1561:19:ISP_SVC_Dump_GetFrame	24	static
../Middlewares/STM32_ISP_Library/isp/Src/isp_services.c:1600:19:ISP_SVC_IQParam_Init	8	static
../Middlewares/STM32_ISP_Library/isp/Src/isp_services.c:1614:21:ISP_SVC_IQParam_Get	0	static
../Middlewares/STM32_ISP_Library/isp/Src/isp_services.c:1627:6:ISP_SVC_Stats_Init	0	static
../Middlewares/STM32_ISP_Library/isp/Src/isp_services.c:1638:6:ISP_SVC_Stats_Gather	88	static
../Middlewares/STM32_ISP_Library/isp/Src/isp_services.c:1866:19:ISP_SVC_Stats_ProcessCallbacks	32	static
../Middlewares/STM32_ISP_Library/isp/Src/isp_services.c:1912:19:ISP_SVC_Stats_GetLatest	8	static
../Middlewares/STM32_ISP_Library/isp/Src/isp_services.c:1938:19:ISP_SVC_Stats_GetNext	28	static
