../Middlewares/STM32_MW_CAMERA/cmw_imx335.c:250:13:CMW_IMX335_FrameEventCallback	0	static
../Middlewares/STM32_MW_CAMERA/cmw_imx335.c:91:16:CMW_IMX335_ReadID	0	static
../Middlewares/STM32_MW_CAMERA/cmw_imx335.c:150:16:CMW_IMX335_SetTestPattern	0	static
../Middlewares/STM32_MW_CAMERA/cmw_imx335.c:122:16:CMW_IMX335_GetSensorInfo	8	static
../Middlewares/STM32_MW_CAMERA/cmw_imx335.c:116:16:CMW_IMX335_SetMirrorFlip	0	static
../Middlewares/STM32_MW_CAMERA/cmw_imx335.c:111:16:CMW_IMX335_SetFramerate	0	static
../Middlewares/STM32_MW_CAMERA/cmw_imx335.c:106:16:CMW_IMX335_SetFrequency	0	static
../Middlewares/STM32_MW_CAMERA/cmw_imx335.c:101:16:CMW_IMX335_SetExposure	0	static
../Middlewares/STM32_MW_CAMERA/cmw_imx335.c:96:16:CMW_IMX335_SetGain	0	static
../Middlewares/STM32_MW_CAMERA/cmw_imx335.c:205:16:CMW_IMX335_Run	8	static
../Middlewares/STM32_MW_CAMERA/cmw_imx335.c:74:16:CMW_IMX335_DeInit	8	static
../Middlewares/STM32_MW_CAMERA/cmw_imx335.c:181:16:CMW_IMX335_Start	16	static
../Middlewares/STM32_MW_CAMERA/cmw_imx335.c:155:16:CMW_IMX335_Init	16	static
../Middlewares/STM32_MW_CAMERA/cmw_imx335.c:230:13:CMW_IMX335_VsyncEventCallback	8	static
../Middlewares/STM32_MW_CAMERA/cmw_imx335.c:254:5:CMW_IMX335_Probe	24	static
